#
# A fatal error has been detected by the Java Runtime Environment:
#
#  SIGSEGV (0xb) at pc=0x000071a0b1f2e0cc, pid=1872346, tid=1899990
#
# JRE version: OpenJDK Runtime Environment (21.0.8+9) (build 21.0.8+9-Ubuntu-0ubuntu124.04.1)
# Java VM: OpenJDK 64-Bit Server VM (21.0.8+9-Ubuntu-0ubuntu124.04.1, mixed mode, sharing, tiered, compressed oops, compressed class ptrs, g1 gc, linux-amd64)
# Problematic frame:
# C  [libscipy_openblas-c128ec02.so+0x12e0cc]  scipy_dgemm_+0x32c
#
# Core dump will be written. Default location: Core dumps may be processed with "/usr/share/apport/apport -p%p -s%s -c%c -d%d -P%P -u%u -g%g -F%F -- %E" (or dumping to /home/henriqueramos_qs/meta-learning-concept-drift/core.1872346)
#
# If you would like to submit a bug report, please visit:
#   https://bugs.launchpad.net/ubuntu/+source/openjdk-21
#

---------------  S U M M A R Y ------------

Command Line: -Xmx8g -Xss10M 

Host: Intel(R) Xeon(R) Gold 5220R CPU @ 2.20GHz, 96 cores, 187G, Ubuntu 24.04.3 LTS
Time: Wed Sep 10 11:51:47 2025 -03 elapsed time: 197.958515 seconds (0d 0h 3m 17s)

---------------  T H R E A D  ---------------

Current thread is native thread

Stack: [0x0000719d637dc000,0x0000719d63fdc000],  sp=0x0000719d63fd91d0,  free space=8180k
Native frames: (J=compiled Java code, j=interpreted, Vv=VM code, C=native code)
C  [libscipy_openblas-c128ec02.so+0x12e0cc]  scipy_dgemm_+0x32c

siginfo: si_signo: 11 (SIGSEGV), si_code: 1 (SEGV_MAPERR), si_addr: 0x00000000000002d8

Registers:
RAX=0x0000000000000000, RBX=0x0000000000000000, RCX=0x0000000000000000, RDX=0x0000000000000000
RSP=0x0000719d63fd91d0, RBP=0x0000000000000001, RSI=0x0000000000000000, RDI=0x000071a0b3dbbe80
R8 =0x0000000000000000, R9 =0x0000000000000000, R10=0x0000000000000000, R11=0x0000000000000246
R12=0x000071a0b3db9e30, R13=0x000071a0afe00000, R14=0x0000719d63fd92d0, R15=0x0000719cc402bcd0
RIP=0x000071a0b1f2e0cc, EFLAGS=0x0000000000010202, CSGSFS=0x002b000000000033, ERR=0x0000000000000004
  TRAPNO=0x000000000000000e

XMM[0]=0x0000000000000000 0x4020000000000000
XMM[1]=0x0000000000000000 0x4069000000000000
XMM[2]=0x0000000000000000 0x4069000000000000
XMM[3]=0x0000719cc40013b0 0x0000719e4f6bf950
XMM[4]=0x402d6a0980be4209 0x401c1e75ead4d4dc
XMM[5]=0x0000000000000000 0x0000000000000000
XMM[6]=0x0000000000000000 0x0000000000000000
XMM[7]=0x0000719cc4047ff0 0x0000719e4f6bfd70
XMM[8]=0x0000000000000000 0x0000000000000000
XMM[9]=0x0000000000000000 0x0000000000000000
XMM[10]=0x0000000000000000 0x0000000000000000
XMM[11]=0x0000000000000000 0x0000000000000008
XMM[12]=0x0000719d3802dc10 0x0000719e4e7ec040
XMM[13]=0x0000000000000000 0x0000000000000000
XMM[14]=0x0000000000000000 0x0000000000000000
XMM[15]=0x0000000000000000 0x0000000000000000
  MXCSR=0x00001fa2


Top of Stack: (sp=0x0000719d63fd91d0)
0x0000719d63fd91d0:   0000719e4f6b0860 0000000000000002
0x0000719d63fd91e0:   0000719ddc023d10 0000719cc4047ff0
0x0000719d63fd91f0:   0000719cc402bff0 0000000000000000
0x0000719d63fd9200:   0000719d63fd92d8 0000719d63fd92d0
0x0000719d63fd9210:   0000000000000008 00000000000000c8
0x0000719d63fd9220:   000000000000000b 000000000000000b
0x0000719d63fd9230:   000000000000000b 0000000000000008
0x0000719d63fd9240:   0000719cc4001c90 0000000000b491a8
0x0000719d63fd9250:   0000719d63fd92e0 000071a1674ac1d5
0x0000719d63fd9260:   00000000000000c8 0000000000000008
0x0000719d63fd9270:   0000000000000008 0000719cc4047ff0
0x0000719d63fd9280:   0000719cc402bff0 000071a0babbda73
0x0000719d63fd9290:   0000719ddc023d10 0000719d63fd9328
0x0000719d63fd92a0:   0000719cc4047ff0 0000719d63fd9318
0x0000719d63fd92b0:   0000719d63fd92d0 0000719cc402bff0
0x0000719d63fd92c0:   0000719d63fd9338 0000719d63fd941c
0x0000719d63fd92d0:   3ff0000000000000 c000000000000000
0x0000719d63fd92e0:   0000000b4f6bf690 000000c800000008
0x0000719d63fd92f0:   0000719cc402bcd0