#
# A fatal error has been detected by the Java Runtime Environment:
#
#  SIGSEGV (0xb) at pc=0x00007aa1c9f2e0cc, pid=1900088, tid=1916661
#
# JRE version: OpenJDK Runtime Environment (21.0.8+9) (build 21.0.8+9-Ubuntu-0ubuntu124.04.1)
# Java VM: OpenJDK 64-Bit Server VM (21.0.8+9-Ubuntu-0ubuntu124.04.1, mixed mode, sharing, tiered, compressed oops, compressed class ptrs, g1 gc, linux-amd64)
# Problematic frame:
# C  [libscipy_openblas-c128ec02.so+0x12e0cc]  scipy_dgemm_+0x32c
#
# Core dump will be written. Default location: Core dumps may be processed with "/usr/share/apport/apport -p%p -s%s -c%c -d%d -P%P -u%u -g%g -F%F -- %E" (or dumping to /home/henriqueramos_qs/meta-learning-concept-drift/core.1900088)
#
# If you would like to submit a bug report, please visit:
#   https://bugs.launchpad.net/ubuntu/+source/openjdk-21
#

---------------  S U M M A R Y ------------

Command Line: -Xmx8g -Xss10M 

Host: Intel(R) Xeon(R) Gold 5220R CPU @ 2.20GHz, 96 cores, 187G, Ubuntu 24.04.3 LTS
Time: Wed Sep 10 11:53:40 2025 -03 elapsed time: 109.897989 seconds (0d 0h 1m 49s)

---------------  T H R E A D  ---------------

Current thread is native thread

Stack: [0x00007a9ec7800000,0x00007a9ec8000000],  sp=0x00007a9ec7ffd1d0,  free space=8180k
Native frames: (J=compiled Java code, j=interpreted, Vv=VM code, C=native code)
C  [libscipy_openblas-c128ec02.so+0x12e0cc]  scipy_dgemm_+0x32c

siginfo: si_signo: 11 (SIGSEGV), si_code: 1 (SEGV_MAPERR), si_addr: 0x00000000000002d8

Registers:
RAX=0x0000000000000000, RBX=0x0000000000000000, RCX=0x0000000000000000, RDX=0x0000000000000000
RSP=0x00007a9ec7ffd1d0, RBP=0x0000000000000001, RSI=0x0000000000000000, RDI=0x00007aa1cbdbbe80
R8 =0x0000000000000000, R9 =0x0000000000000000, R10=0x0000000000000000, R11=0x0000000000000246
R12=0x00007aa1cbdb9e30, R13=0x00007aa1c7e00000, R14=0x00007a9ec7ffd2d0, R15=0x00007a9ddc00eeb0
RIP=0x00007aa1c9f2e0cc, EFLAGS=0x0000000000010202, CSGSFS=0x002b000000000033, ERR=0x0000000000000004
  TRAPNO=0x000000000000000e

XMM[0]=0x0000000000000000 0x4010000000000000
XMM[1]=0x0000000000000000 0x4069000000000000
XMM[2]=0x0000000000000000 0x4069000000000000
XMM[3]=0x00007a9ddc0292c0 0x00007a9f6e8b77f0
XMM[4]=0x0000000000000000 0x00007a9ddc000090
XMM[5]=0x0000000000000000 0x0000000000000000
XMM[6]=0x0000000000000000 0x0000000000000000
XMM[7]=0x00007a9ddc014800 0x00007a9f6e8b7ed0
XMM[8]=0x0000000000000000 0x0000000000000000
XMM[9]=0x0000000000000000 0x0000000000000000
XMM[10]=0x0000000000000000 0x0000000000000000
XMM[11]=0x0000000000000000 0x0000000000000004
XMM[12]=0x00007a9d24002160 0x00007a9f6e4a0040
XMM[13]=0x0000000000000000 0x0000000000000000
XMM[14]=0x0000000000000000 0x0000000000000000
XMM[15]=0x0000000000000000 0x0000000000000000
  MXCSR=0x00001fa2


Top of Stack: (sp=0x00007a9ec7ffd1d0)
0x00007a9ec7ffd1d0:   00007a9f6e8ac6c0 0000000000000002
0x00007a9ec7ffd1e0:   00007a9ef8025540 00007a9ddc014800
0x00007a9ec7ffd1f0:   00007a9ddc02ab80 0000000000000000
0x00007a9ec7ffd200:   00007a9ec7ffd2d8 00007a9ec7ffd2d0
0x00007a9ec7ffd210:   0000000000000004 00000000000000c8
0x00007a9ec7ffd220:   000000000000000b 000000000000000b
0x00007a9ec7ffd230:   000000000000000b 0000000000000004
0x00007a9ec7ffd240:   00007a9f00000000 0000000000b491a8
0x00007a9ec7ffd250:   00007a9ec7ffd2e0 00007aa27e6ac44e
0x00007a9ec7ffd260:   00000000000000c8 0000000000000004
0x00007a9ec7ffd270:   0000000000000004 00007a9ddc014800
0x00007a9ec7ffd280:   00007a9ddc02ab80 00007aa1d0072a73
0x00007a9ec7ffd290:   00007a9ef8025540 00007a9ec7ffd328
0x00007a9ec7ffd2a0:   00007a9ddc014800 00007a9ec7ffd318
0x00007a9ec7ffd2b0:   00007a9ec7ffd2d0 00007a9ddc02ab80
0x00007a9ec7ffd2c0:   00007a9ec7ffd338 00007a9ec7ffd41c
0x00007a9ec7ffd2d0:   3ff0000000000000 c000000000000000
0x00007a9ec7ffd2e0:   0000000b6e8b7e20 000000c800000004
0x00007a9ec7ffd2f0:   00007a9ddc00eeb0 746e7aa127cdc924
0x00007a9ec7ffd300:   0000000000000004 00007aa127cdcb0a
0x00007a9ec7ffd310:   00007a9ddc014800 000000000000000b
0x00007a9ec7ffd320:   00007a9ef8025540 000000000000000b
0x00007a9ec7ffd330:   00007a9ddc02ab80 0000000000000004
0x00007a9ec7ffd340:   0000000000a408a0 00007a9f00000001
0x00007a9ec7ffd350:   00007a9f00000004 000000037dd63020
0x00007a9ec7ffd360:   00007a9ddc00f020 00007a9ec7ffe8a0
0x00007a9ec7ffd370:   0000000100000004 0000000000000000
0x00007a9ec7ffd380:   00000000186787a0 000000c800000001
0x00007a9ec7ffd390:   000000000000000b 000000c800000001
0x00007a9ec7ffd3a0:   0000000b0000000b 0000000400000000
0x00007a9ec7ffd3b0:   0000000000000004 00000000000000c8
0x00007a9ec7ffd3c0:   00007a9ef8025540 00007aa1d0072990 

Instructions: (pc=0x00007aa1c9f2e0cc)
0x00007aa1c9f2dfcc:   ff 54 0f 85 b4 00 00 00 48 89 d7 bb 01 00 00 00
0x00007aa1c9f2dfdc:   31 ed e9 9a 00 00 00 0f 1f 44 00 00 31 ed 89 eb
0x00007aa1c9f2dfec:   83 e3 01 40 80 ff 4e 0f 84 ff 01 00 00 40 80 ff
0x00007aa1c9f2dffc:   54 0f 85 15 02 00 00 85 db 0f 85 32 02 00 00 48
0x00007aa1c9f2e00c:   89 d7 31 ed bb 01 00 00 00 eb 66 66 0f 1f 84 00
0x00007aa1c9f2e01c:   00 00 00 00 c7 44 24 0c 02 00 00 00 83 fd ff 75
0x00007aa1c9f2e02c:   08 c7 44 24 0c 01 00 00 00 48 8d 74 24 0c ba 07
0x00007aa1c9f2e03c:   00 00 00 48 8d 3d 15 14 c6 01 e8 85 99 22 00 48
0x00007aa1c9f2e04c:   81 c4 90 00 00 00 5b 5d 41 5c 41 5d 41 5e c3 3c
0x00007aa1c9f2e05c:   43 0f 84 f5 fd ff ff 83 cd ff eb 82 0f 1f 84 00
0x00007aa1c9f2e06c:   00 00 00 00 4c 89 c7 bb 01 00 00 00 bd 01 00 00
0x00007aa1c9f2e07c:   00 49 89 cd e9 fa fd ff ff 0f 1f 00 40 80 ff 52
0x00007aa1c9f2e08c:   0f 85 4d 01 00 00 48 89 d7 4d 89 c5 31 ed 31 db
0x00007aa1c9f2e09c:   e9 de fd ff ff 0f 1f 80 00 00 00 00 31 ff e8 81
0x00007aa1c9f2e0ac:   92 22 00 66 0f ef c0 66 0f ef c9 f2 48 0f 2a 4c
0x00007aa1c9f2e0bc:   24 48 49 89 c5 49 8b 04 24 f2 48 0f 2a 44 24 40
0x00007aa1c9f2e0cc:   8b b0 d8 02 00 00 0f af b0 dc 02 00 00 8b 50 10
0x00007aa1c9f2e0dc:   48 63 48 08 48 63 40 0c f2 0f 59 c1 66 0f ef c9
0x00007aa1c9f2e0ec:   44 8d 04 f2 f7 d2 f2 48 0f 2a 4c 24 50 41 21 d0
0x00007aa1c9f2e0fc:   4c 01 e9 4d 63 c0 49 01 c8 49 01 c0 f2 0f 59 c1
0x00007aa1c9f2e10c:   f2 0f 10 0d cc 10 c6 01 66 0f 2f c8 72 6e 48 c7
0x00007aa1c9f2e11c:   84 24 80 00 00 00 01 00 00 00 48 c7 44 24 78 00
0x00007aa1c9f2e12c:   00 00 00 48 8d 7c 24 10 48 63 ed 48 8d 05 02 0a
0x00007aa1c9f2e13c:   e7 01 45 31 c9 31 d2 31 f6 ff 14 e8 4c 89 ef e8
0x00007aa1c9f2e14c:   50 96 22 00 48 81 c4 90 00 00 00 5b 5d 41 5c 41
0x00007aa1c9f2e15c:   5d 41 5e c3 48 83 ec 08 48 63 ed 48 8d 05 52 13
0x00007aa1c9f2e16c:   c6 01 41 55 48 8b 04 e8 41 54 41 53 41 ff 14 02
0x00007aa1c9f2e17c:   48 83 c4 20 e9 1c fe ff ff 0f 1f 00 48 8b 05 21
0x00007aa1c9f2e18c:   4d e7 01 66 0f ef db 66 0f 28 d0 48 63 00 f2 0f
0x00007aa1c9f2e19c:   2a d8 f2 0f 5e d3 66 0f 2f ca 77 28 48 89 84 24
0x00007aa1c9f2e1ac:   80 00 00 00 48 c7 44 24 78 00 00 00 00 48 83 f8
0x00007aa1c9f2e1bc:   01 0f 84 6c ff ff ff 48 8d 7c 24 10 83 cd 10 e9 



---------------  P R O C E S S  ---------------

VM state: at safepoint (shutting down)

VM Mutex/Monitor currently owned by a thread:  ([mutex/lock_event])
[0x00007aa125f26e10] Threads_lock - owner thread: 0x0000000012a048e0
[0x00007aa125f26d10] Heap_lock - owner thread: 0x00007aa084009110

Heap address: 0x0000000600000000, size: 8192 MB, Compressed Oops mode: Zero based, Oop shift amount: 3

CDS archive(s) mapped at: [0x00007aa09f000000-0x00007aa09fca0000-0x00007aa09fca0000), size 13238272, SharedBaseAddress: 0x00007aa09f000000, ArchiveRelocationMode: 1.
Compressed class space mapped at: 0x00007aa0a0000000-0x00007aa0e0000000, reserved size: 1073741824
Narrow klass base: 0x00007aa09f000000, Narrow klass shift: 0, Narrow klass range: 0x100000000

GC Precious Log:
<Skipped>

Heap:
 garbage-first heap   total 69632K, used 23594K [0x0000000600000000, 0x0000000800000000)
  region size 4096K, 2 young (8192K), 0 survivors (0K)
 Metaspace       used 3943K, committed 4096K, reserved 1114112K
  class space    used 389K, committed 448K, reserved 1048576K

Heap Regions: E=young(eden), S=young(survivor), O=old, HS=humongous(starts), HC=humongous(continues), CS=collection set, F=free, TAMS=top-at-mark-start, PB=parsable bottom
|   0|0x0000000600000000, 0x0000000600400000, 0x0000000600400000|100%|HS|  |TAMS 0x0000000600000000| PB 0x0000000600000000| Untracked 
|   1|0x0000000600400000, 0x00000006007fffb8, 0x0000000600800000| 99%| O|  |TAMS 0x0000000600400000| PB 0x0000000600400000| Untracked 
|   2|0x0000000600800000, 0x0000000600c00000, 0x0000000600c00000|100%|HS|  |TAMS 0x0000000600800000| PB 0x0000000600800000| Untracked 
|   3|0x0000000600c00000, 0x0000000600ffffd8, 0x0000000601000000| 99%| O|  |TAMS 0x0000000600c00000| PB 0x0000000600c00000| Untracked 
|   4|0x0000000601000000, 0x000000060130aa48, 0x0000000601400000| 76%| O|  |TAMS 0x0000000601000000| PB 0x0000000601000000| Untracked 
|   5|0x0000000601400000, 0x0000000601400000, 0x0000000601800000|  0%| F|  |TAMS 0x0000000601400000| PB 0x0000000601400000| Untracked 
|   6|0x0000000601800000, 0x0000000601800000, 0x0000000601c00000|  0%| F|  |TAMS 0x0000000601800000| PB 0x0000000601800000| Untracked 
|   7|0x0000000601c00000, 0x0000000601c00000, 0x0000000602000000|  0%| F|  |TAMS 0x0000000601c00000| PB 0x0000000601c00000| Untracked 
|   8|0x0000000602000000, 0x0000000602000000, 0x0000000602400000|  0%| F|  |TAMS 0x0000000602000000| PB 0x0000000602000000| Untracked 
|   9|0x0000000602400000, 0x0000000602400000, 0x0000000602800000|  0%| F|  |TAMS 0x0000000602400000| PB 0x0000000602400000| Untracked 
|  10|0x0000000602800000, 0x0000000602800000, 0x0000000602c00000|  0%| F|  |TAMS 0x0000000602800000| PB 0x0000000602800000| Untracked 
|  11|0x0000000602c00000, 0x0000000602c00000, 0x0000000603000000|  0%| F|  |TAMS 0x0000000602c00000| PB 0x0000000602c00000| Untracked 
|  12|0x0000000603000000, 0x0000000603000000, 0x0000000603400000|  0%| F|  |TAMS 0x0000000603000000| PB 0x0000000603000000| Untracked 
|  13|0x0000000603400000, 0x0000000603400000, 0x0000000603800000|  0%| F|  |TAMS 0x0000000603400000| PB 0x0000000603400000| Untracked 
|  14|0x0000000603800000, 0x0000000603800000, 0x0000000603c00000|  0%| F|  |TAMS 0x0000000603800000| PB 0x0000000603800000| Untracked 
|  15|0x0000000603c00000, 0x0000000603e29130, 0x0000000604000000| 54%| E|  |TAMS 0x0000000603c00000| PB 0x0000000603c00000| Complete 
|  16|0x0000000604000000, 0x0000000604400000, 0x0000000604400000|100%| E|CS|TAMS 0x0000000604000000| PB 0x0000000604000000| Complete 

Card table byte_map: [0x00007aa107000000,0x00007aa108000000] _byte_map_base: 0x00007aa104000000

Marking Bits: (CMBitMap*) 0x00000000124ecae0
 Bits: [0x00007aa0ff000000, 0x00007aa107000000)

Polling page: 0x00007aa27e814000

Metaspace:

Usage:
  Non-class:      3.47 MB used.
      Class:    389.25 KB used.
       Both:      3.85 MB used.

Virtual space:
  Non-class space:       64.00 MB reserved,       3.56 MB (  6%) committed,  1 nodes.
      Class space:        1.00 GB reserved,     448.00 KB ( <1%) committed,  1 nodes.
             Both:        1.06 GB reserved,       4.00 MB ( <1%) committed. 

Chunk freelists:
   Non-Class:  10.94 MB
       Class:  15.56 MB
        Both:  26.50 MB

MaxMetaspaceSize: unlimited
CompressedClassSpaceSize: 1.00 GB
Initial GC threshold: 21.00 MB
Current GC threshold: 21.00 MB
CDS: on
 - commit_granule_bytes: 65536.
 - commit_granule_words: 8192.
 - virtual_space_node_default_size: 8388608.
 - enlarge_chunks_in_place: 1.
 - use_allocation_guard: 0.


Internal statistics:

num_allocs_failed_limit: 0.
num_arena_births: 74.
num_arena_deaths: 0.
num_vsnodes_births: 2.
num_vsnodes_deaths: 0.
num_space_committed: 64.
num_space_uncommitted: 0.
num_chunks_returned_to_freelist: 0.
num_chunks_taken_from_freelist: 134.
num_chunk_merges: 0.
num_chunk_splits: 94.
num_chunks_enlarged: 63.
num_inconsistent_stats: 0.

CodeHeap 'non-profiled nmethods': size=118592Kb used=777Kb max_used=777Kb free=117814Kb
 bounds [0x00007aa114e30000, 0x00007aa1150a0000, 0x00007aa11c200000]
CodeHeap 'profiled nmethods': size=118588Kb used=2088Kb max_used=2088Kb free=116499Kb
 bounds [0x00007aa10d200000, 0x00007aa10d470000, 0x00007aa1145cf000]
CodeHeap 'non-nmethods': size=8580Kb used=1459Kb max_used=3863Kb free=7120Kb
 bounds [0x00007aa1145cf000, 0x00007aa1149af000, 0x00007aa114e30000]
CodeCache: size=245760Kb, used=4324Kb, max_used=6728Kb, free=241433Kb
 total_blobs=1783, nmethods=1317, adapters=371, full_count=0
Compilation: enabled, stopped_count=0, restarted_count=0

Compilation events (20 events):
Event: 62.234 Thread 0x0000000012a15ec0 1470       3       java.util.concurrent.locks.AbstractQueuedSynchronizer$Node::setStatusRelaxed (12 bytes)
Event: 62.234 Thread 0x0000000012a15ec0 nmethod 1470 0x00007aa10d405010 code [0x00007aa10d4051a0, 0x00007aa10d4052b0]
Event: 62.736 Thread 0x0000000012a15ec0 1471       3       jdk.internal.misc.Unsafe::putIntOpaque (9 bytes)
Event: 62.736 Thread 0x0000000012a15ec0 nmethod 1471 0x00007aa10d405310 code [0x00007aa10d4054a0, 0x00007aa10d4055b0]
Event: 62.985 Thread 0x0000000012a15ec0 1472       3       java.util.concurrent.locks.AbstractQueuedSynchronizer$Node::getAndUnsetStatus (14 bytes)
Event: 62.986 Thread 0x0000000012a15ec0 nmethod 1472 0x00007aa10d405690 code [0x00007aa10d405840, 0x00007aa10d405b20]
Event: 66.990 Thread 0x0000000012a15ec0 1473   !   3       java.util.concurrent.locks.AbstractQueuedSynchronizer::acquire (424 bytes)
Event: 66.992 Thread 0x0000000012a15ec0 nmethod 1473 0x00007aa10d405c10 code [0x00007aa10d405fc0, 0x00007aa10d407880]
Event: 75.247 Thread 0x0000000012a145c0 1474       4       java.util.concurrent.locks.ReentrantLock$Sync::tryRelease (51 bytes)
Event: 75.248 Thread 0x0000000012a145c0 nmethod 1474 0x00007aa114ef2390 code [0x00007aa114ef2520, 0x00007aa114ef26b8]
Event: 94.014 Thread 0x0000000012a15ec0 1475   !   3       java.util.concurrent.locks.LockSupport::parkNanos (56 bytes)
Event: 94.015 Thread 0x0000000012a15ec0 nmethod 1475 0x00007aa10d408090 code [0x00007aa10d408280, 0x00007aa10d4086b8]
Event: 94.264 Thread 0x0000000012a15ec0 1477       3       java.util.concurrent.locks.AbstractQueuedSynchronizer$ConditionObject::unlinkCancelledWaiters (91 bytes)
Event: 94.265 Thread 0x0000000012a15ec0 nmethod 1477 0x00007aa10d408890 code [0x00007aa10d408a60, 0x00007aa10d408ee0]
Event: 94.265 Thread 0x0000000012a15ec0 1476       3       java.util.concurrent.locks.AbstractQueuedSynchronizer$Node::clearStatus (12 bytes)
Event: 94.265 Thread 0x0000000012a15ec0 nmethod 1476 0x00007aa10d409010 code [0x00007aa10d4091c0, 0x00007aa10d409350]
Event: 109.120 Thread 0x0000000012a15ec0 1478       3       org.jpype.manager.TypeManager$Destroyer::add (101 bytes)
Event: 109.121 Thread 0x0000000012a15ec0 nmethod 1478 0x00007aa10d409410 code [0x00007aa10d409600, 0x00007aa10d409a80]
Event: 109.121 Thread 0x0000000012a15ec0 1479       3       org.jpype.manager.TypeManager$Destroyer::add (39 bytes)
Event: 109.121 Thread 0x0000000012a15ec0 nmethod 1479 0x00007aa10d409c90 code [0x00007aa10d409e40, 0x00007aa10d40a050]

GC Heap History (20 events):
Event: 0.317 GC heap before
{Heap before GC invocations=2 (full 2):
 garbage-first heap   total 40960K, used 6517K [0x0000000600000000, 0x0000000800000000)
  region size 4096K, 1 young (4096K), 0 survivors (0K)
 Metaspace       used 1574K, committed 1664K, reserved 1114112K
  class space    used 131K, committed 192K, reserved 1048576K
}
Event: 0.334 GC heap after
{Heap after GC invocations=3 (full 3):
 garbage-first heap   total 28672K, used 6517K [0x0000000600000000, 0x0000000800000000)
  region size 4096K, 0 young (0K), 0 survivors (0K)
 Metaspace       used 1574K, committed 1664K, reserved 1114112K
  class space    used 131K, committed 192K, reserved 1048576K
}
Event: 0.490 GC heap before
{Heap before GC invocations=3 (full 3):
 garbage-first heap   total 28672K, used 14709K [0x0000000600000000, 0x0000000800000000)
  region size 4096K, 2 young (8192K), 0 survivors (0K)
 Metaspace       used 2130K, committed 2304K, reserved 1114112K
  class space    used 183K, committed 256K, reserved 1048576K
}
Event: 0.495 GC heap after
{Heap after GC invocations=4 (full 3):
 garbage-first heap   total 28672K, used 8533K [0x0000000600000000, 0x0000000800000000)
  region size 4096K, 1 young (4096K), 1 survivors (4096K)
 Metaspace       used 2130K, committed 2304K, reserved 1114112K
  class space    used 183K, committed 256K, reserved 1048576K
}
Event: 0.506 GC heap before
{Heap before GC invocations=4 (full 3):
 garbage-first heap   total 28672K, used 12629K [0x0000000600000000, 0x0000000800000000)
  region size 4096K, 2 young (8192K), 1 survivors (4096K)
 Metaspace       used 2136K, committed 2304K, reserved 1114112K
  class space    used 183K, committed 256K, reserved 1048576K
}
Event: 0.509 GC heap after
{Heap after GC invocations=5 (full 3):
 garbage-first heap   total 28672K, used 7868K [0x0000000600000000, 0x0000000800000000)
  region size 4096K, 1 young (4096K), 1 survivors (4096K)
 Metaspace       used 2136K, committed 2304K, reserved 1114112K
  class space    used 183K, committed 256K, reserved 1048576K
}
Event: 0.532 GC heap before
{Heap before GC invocations=5 (full 3):
 garbage-first heap   total 28672K, used 16060K [0x0000000600000000, 0x0000000800000000)
  region size 4096K, 3 young (12288K), 1 survivors (4096K)
 Metaspace       used 2153K, committed 2304K, reserved 1114112K
  class space    used 183K, committed 256K, reserved 1048576K
}
Event: 0.538 GC heap after
{Heap after GC invocations=6 (full 3):
 garbage-first heap   total 28672K, used 8794K [0x0000000600000000, 0x0000000800000000)
  region size 4096K, 1 young (4096K), 1 survivors (4096K)
 Metaspace       used 2153K, committed 2304K, reserved 1114112K
  class space    used 183K, committed 256K, reserved 1048576K
}
Event: 0.553 GC heap before
{Heap before GC invocations=6 (full 3):
 garbage-first heap   total 28672K, used 16986K [0x0000000600000000, 0x0000000800000000)
  region size 4096K, 3 young (12288K), 1 survivors (4096K)
 Metaspace       used 2157K, committed 2304K, reserved 1114112K
  class space    used 183K, committed 256K, reserved 1048576K
}
Event: 0.563 GC heap after
{Heap after GC invocations=7 (full 3):
 garbage-first heap   total 1064960K, used 9392K [0x0000000600000000, 0x0000000800000000)
  region size 4096K, 1 young (4096K), 1 survivors (4096K)
 Metaspace       used 2157K, committed 2304K, reserved 1114112K
  class space    used 183K, committed 256K, reserved 1048576K
}
Event: 0.689 GC heap before
{Heap before GC invocations=7 (full 3):
 garbage-first heap   total 1064960K, used 17584K [0x0000000600000000, 0x0000000800000000)
  region size 4096K, 4 young (16384K), 1 survivors (4096K)
 Metaspace       used 2220K, committed 2368K, reserved 1114112K
  class space    used 183K, committed 256K, reserved 1048576K
}
Event: 0.709 GC heap after
{Heap after GC invocations=8 (full 4):
 garbage-first heap   total 69632K, used 10280K [0x0000000600000000, 0x0000000800000000)
  region size 4096K, 0 young (0K), 0 survivors (0K)
 Metaspace       used 2220K, committed 2368K, reserved 1114112K
  class space    used 183K, committed 256K, reserved 1048576K
}
Event: 0.931 GC heap before
{Heap before GC invocations=8 (full 4):
 garbage-first heap   total 69632K, used 22568K [0x0000000600000000, 0x0000000800000000)
  region size 4096K, 3 young (12288K), 0 survivors (0K)
 Metaspace       used 2847K, committed 3072K, reserved 1114112K
  class space    used 256K, committed 384K, reserved 1048576K
}
Event: 1.002 GC heap after
{Heap after GC invocations=9 (full 5):
 garbage-first heap   total 69632K, used 19251K [0x0000000600000000, 0x0000000800000000)
  region size 4096K, 0 young (0K), 0 survivors (0K)
 Metaspace       used 2847K, committed 3072K, reserved 1114112K
  class space    used 256K, committed 384K, reserved 1048576K
}
Event: 1.081 GC heap before
{Heap before GC invocations=9 (full 5):
 garbage-first heap   total 69632K, used 19251K [0x0000000600000000, 0x0000000800000000)
  region size 4096K, 1 young (4096K), 0 survivors (0K)
 Metaspace       used 2848K, committed 3072K, reserved 1114112K
  class space    used 256K, committed 384K, reserved 1048576K
}
Event: 1.138 GC heap after
{Heap after GC invocations=10 (full 6):
 garbage-first heap   total 69632K, used 19253K [0x0000000600000000, 0x0000000800000000)
  region size 4096K, 0 young (0K), 0 survivors (0K)
 Metaspace       used 2848K, committed 3072K, reserved 1114112K
  class space    used 256K, committed 384K, reserved 1048576K
}
Event: 1.765 GC heap before
{Heap before GC invocations=10 (full 6):
 garbage-first heap   total 69632K, used 19253K [0x0000000600000000, 0x0000000800000000)
  region size 4096K, 1 young (4096K), 0 survivors (0K)
 Metaspace       used 3119K, committed 3264K, reserved 1114112K
  class space    used 291K, committed 384K, reserved 1048576K
}
Event: 1.834 GC heap after
{Heap after GC invocations=11 (full 7):
 garbage-first heap   total 69632K, used 19497K [0x0000000600000000, 0x0000000800000000)
  region size 4096K, 0 young (0K), 0 survivors (0K)
 Metaspace       used 3119K, committed 3264K, reserved 1114112K
  class space    used 291K, committed 384K, reserved 1048576K
}
Event: 2.939 GC heap before
{Heap before GC invocations=11 (full 7):
 garbage-first heap   total 69632K, used 19497K [0x0000000600000000, 0x0000000800000000)
  region size 4096K, 1 young (4096K), 0 survivors (0K)
 Metaspace       used 3134K, committed 3264K, reserved 1114112K
  class space    used 291K, committed 384K, reserved 1048576K
}
Event: 3.006 GC heap after
{Heap after GC invocations=12 (full 8):
 garbage-first heap   total 69632K, used 19498K [0x0000000600000000, 0x0000000800000000)
  region size 4096K, 0 young (0K), 0 survivors (0K)
 Metaspace       used 3134K, committed 3264K, reserved 1114112K
  class space    used 291K, committed 384K, reserved 1048576K
}

Dll operation events (7 events):
Event: 0.014 Loaded shared library /usr/lib/jvm/java-21-openjdk-amd64/lib/libjava.so
Event: 0.039 Loaded shared library /usr/lib/jvm/java-21-openjdk-amd64/lib/libjsvml.so
Event: 0.042 Loaded shared library /usr/lib/jvm/java-21-openjdk-amd64/lib/libnio.so
Event: 0.057 Loaded shared library /usr/lib/jvm/java-21-openjdk-amd64/lib/libzip.so
Event: 0.079 Loaded shared library /home/henriqueramos_qs/meta-learning-concept-drift/.venv/lib/python3.12/site-packages/_jpype.cpython-312-x86_64-linux-gnu.so
Event: 0.099 Loaded shared library /usr/lib/jvm/java-21-openjdk-amd64/lib/libjimage.so
Event: 0.734 Loaded shared library /usr/lib/jvm/java-21-openjdk-amd64/lib/libnet.so

Deoptimization events (20 events):
Event: 2.058 Thread 0x00000000124c01f0 Uncommon trap: trap_request=0xffffffbe fr.pc=0x00007aa114ed994c relative=0x000000000000038c
Event: 2.058 Thread 0x00000000124c01f0 Uncommon trap: reason=profile_predicate action=maybe_recompile pc=0x00007aa114ed994c method=jdk.internal.jimage.ImageStringsReader.stringFromByteBufferMatches(Ljava/nio/ByteBuffer;ILjava/lang/String;I)I @ 19 c2
Event: 2.058 Thread 0x00000000124c01f0 DEOPT PACKING pc=0x00007aa114ed994c sp=0x00007ffc48ab6c70
Event: 2.058 Thread 0x00000000124c01f0 DEOPT UNPACKING pc=0x00007aa114626619 sp=0x00007ffc48ab6bf8 mode 2
Event: 2.058 Thread 0x00000000124c01f0 Uncommon trap: trap_request=0xffffffbe fr.pc=0x00007aa114ed994c relative=0x000000000000038c
Event: 2.058 Thread 0x00000000124c01f0 Uncommon trap: reason=profile_predicate action=maybe_recompile pc=0x00007aa114ed994c method=jdk.internal.jimage.ImageStringsReader.stringFromByteBufferMatches(Ljava/nio/ByteBuffer;ILjava/lang/String;I)I @ 19 c2
Event: 2.058 Thread 0x00000000124c01f0 DEOPT PACKING pc=0x00007aa114ed994c sp=0x00007ffc48ab6c70
Event: 2.058 Thread 0x00000000124c01f0 DEOPT UNPACKING pc=0x00007aa114626619 sp=0x00007ffc48ab6bf8 mode 2
Event: 3.199 Thread 0x00000000124c01f0 DEOPT PACKING pc=0x00007aa10d3b4765 sp=0x00007ffc48abe9a0
Event: 3.199 Thread 0x00000000124c01f0 DEOPT UNPACKING pc=0x00007aa11462714f sp=0x00007ffc48abdea8 mode 0
Event: 3.211 Thread 0x00000000124c01f0 DEOPT PACKING pc=0x00007aa10d275c65 sp=0x00007ffc48abd830
Event: 3.211 Thread 0x00000000124c01f0 DEOPT UNPACKING pc=0x00007aa11462714f sp=0x00007ffc48abcc88 mode 0
Event: 3.259 Thread 0x00000000124c01f0 Uncommon trap: trap_request=0xffffffc6 fr.pc=0x00007aa114eb6604 relative=0x0000000000002704
Event: 3.259 Thread 0x00000000124c01f0 Uncommon trap: reason=bimorphic_or_optimized_type_check action=maybe_recompile pc=0x00007aa114eb6604 method=java.util.HashMap.putVal(ILjava/lang/Object;Ljava/lang/Object;ZZ)Ljava/lang/Object; @ 91 c2
Event: 3.259 Thread 0x00000000124c01f0 DEOPT PACKING pc=0x00007aa114eb6604 sp=0x00007ffc48abd6e0
Event: 3.259 Thread 0x00000000124c01f0 DEOPT UNPACKING pc=0x00007aa114626619 sp=0x00007ffc48abd620 mode 2
Event: 3.291 Thread 0x00000000124c01f0 Uncommon trap: trap_request=0xffffff45 fr.pc=0x00007aa114edb184 relative=0x0000000000000444
Event: 3.291 Thread 0x00000000124c01f0 Uncommon trap: reason=unstable_if action=reinterpret pc=0x00007aa114edb184 method=jdk.internal.jimage.ImageStringsReader.stringFromByteBufferMatches(Ljava/nio/ByteBuffer;ILjava/lang/String;I)I @ 48 c2
Event: 3.291 Thread 0x00000000124c01f0 DEOPT PACKING pc=0x00007aa114edb184 sp=0x00007ffc48abd1e0
Event: 3.291 Thread 0x00000000124c01f0 DEOPT UNPACKING pc=0x00007aa114626619 sp=0x00007ffc48abd178 mode 2

Classes loaded (20 events):
Event: 109.106 Loading class java/lang/System$Logger$Level
Event: 109.106 Loading class java/lang/System$Logger$Level done
Event: 109.106 Loading class jdk/internal/logger/SurrogateLogger
Event: 109.106 Loading class jdk/internal/logger/SimpleConsoleLogger
Event: 109.106 Loading class sun/util/logging/PlatformLogger$ConfigurableBridge$LoggerConfiguration
Event: 109.106 Loading class sun/util/logging/PlatformLogger$ConfigurableBridge$LoggerConfiguration done
Event: 109.106 Loading class jdk/internal/logger/SimpleConsoleLogger done
Event: 109.106 Loading class jdk/internal/logger/SurrogateLogger done
Event: 109.108 Loading class sun/util/logging/PlatformLogger
Event: 109.108 Loading class sun/util/logging/PlatformLogger done
Event: 109.108 Loading class sun/util/logging/PlatformLogger$Level
Event: 109.108 Loading class sun/util/logging/PlatformLogger$Level done
Event: 109.112 Loading class jdk/internal/event/ThreadSleepEvent
Event: 109.112 Loading class jdk/internal/event/Event
Event: 109.112 Loading class jdk/internal/event/Event done
Event: 109.112 Loading class jdk/internal/event/ThreadSleepEvent done
Event: 109.121 Loading class java/util/WeakHashMap$KeyIterator
Event: 109.121 Loading class java/util/WeakHashMap$HashIterator
Event: 109.121 Loading class java/util/WeakHashMap$HashIterator done
Event: 109.121 Loading class java/util/WeakHashMap$KeyIterator done

Classes unloaded (0 events):
No events

Classes redefined (0 events):
No events

Internal exceptions (9 events):
Event: 0.081 Thread 0x00000000124c01f0 Exception <a 'java/lang/NoSuchMethodError'{0x000000067fd03240}: 'int java.lang.invoke.DirectMethodHandle$Holder.invokeStaticInit(java.lang.Object, java.lang.Object)'> (0x000000067fd03240) 
thrown [./src/hotspot/share/interpreter/linkResolver.cpp, line 772]
Event: 0.082 Thread 0x00000000124c01f0 Exception <a 'java/lang/NoSuchMethodError'{0x000000067fd09468}: 'java.lang.Object java.lang.invoke.DirectMethodHandle$Holder.invokeStaticInit(java.lang.Object, int)'> (0x000000067fd09468) 
thrown [./src/hotspot/share/interpreter/linkResolver.cpp, line 772]
Event: 0.084 Thread 0x00000000124c01f0 Exception <a 'java/lang/NoSuchMethodError'{0x000000067fd138c0}: 'int java.lang.invoke.DirectMethodHandle$Holder.invokeSpecial(java.lang.Object, java.lang.Object, java.lang.Object)'> (0x000000067fd138c0) 
thrown [./src/hotspot/share/interpreter/linkResolver.cpp, line 772]
Event: 0.086 Thread 0x00000000124c01f0 Exception <a 'java/lang/NoSuchMethodError'{0x000000067fd237c8}: 'java.lang.Object java.lang.invoke.DirectMethodHandle$Holder.invokeStatic(java.lang.Object, java.lang.Object, int)'> (0x000000067fd237c8) 
thrown [./src/hotspot/share/interpreter/linkResolver.cpp, line 772]
Event: 0.087 Thread 0x00000000124c01f0 Exception <a 'java/lang/NoSuchMethodError'{0x000000067fd2ee88}: 'void java.lang.invoke.DelegatingMethodHandle$Holder.delegate(java.lang.Object, java.lang.Object, int, java.lang.Object)'> (0x000000067fd2ee88) 
thrown [./src/hotspot/share/interpreter/linkResolver.cpp, line 772]
Event: 0.105 Thread 0x00000000124c01f0 Exception <a 'java/lang/NoSuchMethodError'{0x000000067fdcd390}: 'java.lang.Object java.lang.invoke.DirectMethodHandle$Holder.invokeInterface(java.lang.Object, java.lang.Object)'> (0x000000067fdcd390) 
thrown [./src/hotspot/share/interpreter/linkResolver.cpp, line 772]
Event: 0.105 Thread 0x00000000124c01f0 Exception <a 'java/lang/IncompatibleClassChangeError'{0x000000067fdd0628}: Found class java.lang.Object, but interface was expected> (0x000000067fdd0628) 
thrown [./src/hotspot/share/interpreter/linkResolver.cpp, line 840]
Event: 0.129 Thread 0x00000000124c01f0 Exception <a 'java/lang/NoSuchMethodError'{0x000000067f0c80d8}: method resolution failed> (0x000000067f0c80d8) 
thrown [./src/hotspot/share/prims/methodHandles.cpp, line 1144]
Event: 0.130 Thread 0x00000000124c01f0 Exception <a 'java/lang/NoSuchMethodError'{0x000000067f0d1508}: 'java.lang.Object java.lang.invoke.Invokers$Holder.invokeExact_MT(java.lang.Object, java.lang.Object, java.lang.Object, java.lang.Object, java.lang.Object)'> (0x000000067f0d1508) 
thrown [./src/hotspot/share/interpreter/linkResolver.cpp, line 772]

ZGC Phase Switch (0 events):
No events

VM Operations (20 events):
Event: 1.138 Executing VM operation: G1CollectFull (System.gc()) done
Event: 1.269 Executing VM operation: HandshakeAllThreads (Deoptimize)
Event: 1.270 Executing VM operation: HandshakeAllThreads (Deoptimize) done
Event: 1.286 Executing VM operation: HandshakeAllThreads (Deoptimize)
Event: 1.286 Executing VM operation: HandshakeAllThreads (Deoptimize) done
Event: 1.765 Executing VM operation: G1CollectFull (System.gc())
Event: 1.834 Executing VM operation: G1CollectFull (System.gc()) done
Event: 2.939 Executing VM operation: G1CollectFull (System.gc())
Event: 3.006 Executing VM operation: G1CollectFull (System.gc()) done
Event: 4.006 Executing VM operation: Cleanup
Event: 4.006 Executing VM operation: Cleanup done
Event: 55.014 Executing VM operation: Cleanup
Event: 55.014 Executing VM operation: Cleanup done
Event: 61.020 Executing VM operation: Cleanup
Event: 61.020 Executing VM operation: Cleanup done
Event: 76.026 Executing VM operation: Cleanup
Event: 76.026 Executing VM operation: Cleanup done
Event: 109.118 Executing VM operation: ThreadDump
Event: 109.118 Executing VM operation: ThreadDump done
Event: 109.122 Executing VM operation: Exit

Memory protections (20 events):
Event: 0.037 Protecting memory [0x00007aa099200000,0x00007aa099204000] with protection modes 0
Event: 0.037 Protecting memory [0x00007aa098800000,0x00007aa098804000] with protection modes 0
Event: 0.037 Protecting memory [0x00007aa083600000,0x00007aa083604000] with protection modes 0
Event: 0.037 Protecting memory [0x00007aa0ec4c6000,0x00007aa0ec4ca000] with protection modes 0
Event: 0.038 Protecting memory [0x00007aa0ec3c6000,0x00007aa0ec3ca000] with protection modes 0
Event: 0.040 Protecting memory [0x00007aa082c00000,0x00007aa082c04000] with protection modes 0
Event: 0.041 Protecting memory [0x00007aa082200000,0x00007aa082204000] with protection modes 0
Event: 0.046 Protecting memory [0x00007aa0ec2c6000,0x00007aa0ec2ca000] with protection modes 0
Event: 0.047 Protecting memory [0x00007aa0ec1c6000,0x00007aa0ec1ca000] with protection modes 0
Event: 0.047 Protecting memory [0x00007aa0ec0c6000,0x00007aa0ec0ca000] with protection modes 0
Event: 0.052 Protecting memory [0x00007aa098700000,0x00007aa098704000] with protection modes 0
Event: 0.053 Protecting memory [0x00007aa098600000,0x00007aa098604000] with protection modes 0
Event: 0.090 Protecting memory [0x00007aa27e888000,0x00007aa27e889000] with protection modes 1
Event: 0.098 Protecting memory [0x00007aa081800000,0x00007aa081804000] with protection modes 0
Event: 0.137 Protecting memory [0x00007aa098500000,0x00007aa098504000] with protection modes 0
Event: 0.472 Protecting memory [0x00007aa0815ff000,0x00007aa081603000] with protection modes 0
Event: 3.221 Protecting memory [0x00007aa098700000,0x00007aa098704000] with protection modes 0
Event: 4.200 Protecting memory [0x00007a9f6b895000,0x00007a9f6b899000] with protection modes 0
Event: 109.101 Protecting memory [0x00007a9e9ec00000,0x00007a9e9ec04000] with protection modes 0
Event: 109.112 Protecting memory [0x00007a9e9e200000,0x00007a9e9e204000] with protection modes 0

Nmethod flushes (20 events):
Event: 2.980 Thread 0x0000000012a048e0 flushing  nmethod 0x00007aa10d253690
Event: 2.980 Thread 0x0000000012a048e0 flushing  nmethod 0x00007aa10d253b90
Event: 2.980 Thread 0x0000000012a048e0 flushing  nmethod 0x00007aa10d255210
Event: 2.980 Thread 0x0000000012a048e0 flushing  nmethod 0x00007aa10d258190
Event: 2.980 Thread 0x0000000012a048e0 flushing  nmethod 0x00007aa10d25a210
Event: 2.980 Thread 0x0000000012a048e0 flushing  nmethod 0x00007aa10d262190
Event: 2.980 Thread 0x0000000012a048e0 flushing  nmethod 0x00007aa10d26da90
Event: 2.980 Thread 0x0000000012a048e0 flushing  nmethod 0x00007aa10d270110
Event: 2.980 Thread 0x0000000012a048e0 flushing  nmethod 0x00007aa10d276910
Event: 2.980 Thread 0x0000000012a048e0 flushing  nmethod 0x00007aa10d27f790
Event: 2.980 Thread 0x0000000012a048e0 flushing  nmethod 0x00007aa10d296c10
Event: 2.980 Thread 0x0000000012a048e0 flushing  nmethod 0x00007aa10d298f90
Event: 2.980 Thread 0x0000000012a048e0 flushing  nmethod 0x00007aa10d29f110
Event: 2.980 Thread 0x0000000012a048e0 flushing  nmethod 0x00007aa10d2a2a90
Event: 2.980 Thread 0x0000000012a048e0 flushing  nmethod 0x00007aa10d2a4d90
Event: 2.980 Thread 0x0000000012a048e0 flushing  nmethod 0x00007aa10d2c6990
Event: 2.980 Thread 0x0000000012a048e0 flushing  nmethod 0x00007aa10d2d8110
Event: 2.980 Thread 0x0000000012a048e0 flushing  nmethod 0x00007aa10d371390
Event: 2.980 Thread 0x0000000012a048e0 flushing  nmethod 0x00007aa10d3a6190
Event: 2.980 Thread 0x0000000012a048e0 flushing  nmethod 0x00007aa10d3b1610

Events (20 events):
Event: 0.052 Thread 0x0000000012a145c0 Thread added: 0x00007aa07408fdb0
Event: 0.053 Thread 0x0000000012a145c0 Thread added: 0x00007aa074091290
Event: 0.098 Thread 0x00000000124c01f0 Thread added: 0x0000000012a80ea0
Event: 0.137 Thread 0x00007aa07802f160 Thread added: 0x00007aa05c04e9f0
Event: 0.472 Thread 0x0000000012a15ec0 Thread added: 0x00007aa0780aa300
Event: 1.999 Thread 0x00007aa0780aa300 Thread exited: 0x00007aa0780aa300
Event: 1.999 Thread 0x00007aa05c04e9f0 Thread exited: 0x00007aa05c04e9f0
Event: 1.999 Thread 0x00007aa07802f160 Thread exited: 0x00007aa07802f160
Event: 3.182 Thread 0x00007aa074091290 Thread exited: 0x00007aa074091290
Event: 3.190 Thread 0x00007aa07408fdb0 Thread exited: 0x00007aa07408fdb0
Event: 3.221 Thread 0x00007aa07802c740 Thread added: 0x00007aa064177d30
Event: 4.200 Thread 0x00007aa034058320 Thread added: 0x00007aa034058320
Event: 7.673 Thread 0x00007aa064177d30 Thread exited: 0x00007aa064177d30
Event: 12.673 Thread 0x00007aa07802dc80 Thread exited: 0x00007aa07802dc80
Event: 12.673 Thread 0x00007aa07802c740 Thread exited: 0x00007aa07802c740
Event: 109.101 Thread 0x0000000012a0f800 Thread added: 0x00007aa084009110
Event: 109.109 Thread 0x00007aa084009110 Thread added: 0x00007a9cb400a710
Event: 109.119 Thread 0x0000000012a80ea0 Thread exited: 0x0000000012a80ea0
Event: 109.121 Thread 0x00007a9cb400a710 Thread exited: 0x00007a9cb400a710
Event: 109.121 Thread 0x00007aa084009110 Before exit entered


Dynamic libraries:
00400000-00420000 r--p 00000000 08:05 8391893                            /usr/bin/python3.12
00420000-00703000 r-xp 00020000 08:05 8391893                            /usr/bin/python3.12
00703000-00a28000 r--p 00303000 08:05 8391893                            /usr/bin/python3.12
00a28000-00a29000 r--p 00627000 08:05 8391893                            /usr/bin/python3.12
00a29000-00ba7000 rw-p 00628000 08:05 8391893                            /usr/bin/python3.12
00ba7000-00bab000 rw-p 00000000 00:00 0 
0f22f000-1939d000 rw-p 00000000 00:00 0                                  [heap]
600000000-604400000 rw-p 00000000 00:00 0 
604400000-800000000 ---p 00000000 00:00 0 
7a9cb4000000-7a9cb4021000 rw-p 00000000 00:00 0 
7a9cb4021000-7a9cb8000000 ---p 00000000 00:00 0 
7a9cb8000000-7a9cb8024000 rw-p 00000000 00:00 0 
7a9cb8024000-7a9cbc000000 ---p 00000000 00:00 0 
7a9cbc000000-7a9cbc29c000 rw-p 00000000 00:00 0 
7a9cbc29c000-7a9cc0000000 ---p 00000000 00:00 0 
7a9cc0000000-7a9cc0034000 rw-p 00000000 00:00 0 
7a9cc0034000-7a9cc4000000 ---p 00000000 00:00 0 
7a9cc4000000-7a9cc41be000 rw-p 00000000 00:00 0 
7a9cc41be000-7a9cc8000000 ---p 00000000 00:00 0 
7a9ccc000000-7a9ccc03b000 rw-p 00000000 00:00 0 
7a9ccc03b000-7a9cd0000000 ---p 00000000 00:00 0 
7a9cd4000000-7a9cd403a000 rw-p 00000000 00:00 0 
7a9cd403a000-7a9cd8000000 ---p 00000000 00:00 0 
7a9cdc000000-7a9cdc29d000 rw-p 00000000 00:00 0 
7a9cdc29d000-7a9ce0000000 ---p 00000000 00:00 0 
7a9ce4000000-7a9ce429c000 rw-p 00000000 00:00 0 
7a9ce429c000-7a9ce8000000 ---p 00000000 00:00 0 
7a9cec000000-7a9cec1bf000 rw-p 00000000 00:00 0 
7a9cec1bf000-7a9cf0000000 ---p 00000000 00:00 0 
7a9cf4000000-7a9cf429d000 rw-p 00000000 00:00 0 
7a9cf429d000-7a9cf8000000 ---p 00000000 00:00 0 
7a9cfc000000-7a9cfc29d000 rw-p 00000000 00:00 0 
7a9cfc29d000-7a9d00000000 ---p 00000000 00:00 0 
7a9d04000000-7a9d041be000 rw-p 00000000 00:00 0 
7a9d041be000-7a9d08000000 ---p 00000000 00:00 0 
7a9d0c000000-7a9d0c1d0000 rw-p 00000000 00:00 0 
7a9d0c1d0000-7a9d10000000 ---p 00000000 00:00 0 
7a9d14000000-7a9d141bd000 rw-p 00000000 00:00 0 
7a9d141bd000-7a9d18000000 ---p 00000000 00:00 0 
7a9d1c000000-7a9d1c29c000 rw-p 00000000 00:00 0 
7a9d1c29c000-7a9d20000000 ---p 00000000 00:00 0 
7a9d24000000-7a9d2429c000 rw-p 00000000 00:00 0 
7a9d2429c000-7a9d28000000 ---p 00000000 00:00 0 
7a9d2c000000-7a9d2c02e000 rw-p 00000000 00:00 0 
7a9d2c02e000-7a9d30000000 ---p 00000000 00:00 0 
7a9d34000000-7a9d34021000 rw-p 00000000 00:00 0 
7a9d34021000-7a9d38000000 ---p 00000000 00:00 0 
7a9d3c000000-7a9d3c29c000 rw-p 00000000 00:00 0 
7a9d3c29c000-7a9d40000000 ---p 00000000 00:00 0 
7a9d44000000-7a9d4403e000 rw-p 00000000 00:00 0 
7a9d4403e000-7a9d48000000 ---p 00000000 00:00 0 
7a9d4c000000-7a9d4c03b000 rw-p 00000000 00:00 0 
7a9d4c03b000-7a9d50000000 ---p 00000000 00:00 0 
7a9d54000000-7a9d541cf000 rw-p 00000000 00:00 0 
7a9d541cf000-7a9d58000000 ---p 00000000 00:00 0 
7a9d5c000000-7a9d5c29d000 rw-p 00000000 00:00 0 
7a9d5c29d000-7a9d60000000 ---p 00000000 00:00 0 
7a9d64000000-7a9d641be000 rw-p 00000000 00:00 0 
7a9d641be000-7a9d68000000 ---p 00000000 00:00 0 
7a9d6c000000-7a9d6c29c000 rw-p 00000000 00:00 0 
7a9d6c29c000-7a9d70000000 ---p 00000000 00:00 0 
7a9d74000000-7a9d7429e000 rw-p 00000000 00:00 0 
7a9d7429e000-7a9d78000000 ---p 00000000 00:00 0 
7a9d7c000000-7a9d7c1bd000 rw-p 00000000 00:00 0 
7a9d7c1bd000-7a9d80000000 ---p 00000000 00:00 0 
7a9d84000000-7a9d8429c000 rw-p 00000000 00:00 0 
7a9d8429c000-7a9d88000000 ---p 00000000 00:00 0 
7a9d8c000000-7a9d8c29d000 rw-p 00000000 00:00 0 
7a9d8c29d000-7a9d90000000 ---p 00000000 00:00 0 
7a9d94000000-7a9d941be000 rw-p 00000000 00:00 0 
7a9d941be000-7a9d98000000 ---p 00000000 00:00 0 
7a9d9c000000-7a9d9c1bd000 rw-p 00000000 00:00 0 
7a9d9c1bd000-7a9da0000000 ---p 00000000 00:00 0 
7a9da4000000-7a9da429c000 rw-p 00000000 00:00 0 
7a9da429c000-7a9da8000000 ---p 00000000 00:00 0 
7a9dac000000-7a9dac29d000 rw-p 00000000 00:00 0 
7a9dac29d000-7a9db0000000 ---p 00000000 00:00 0 
7a9db4000000-7a9db429c000 rw-p 00000000 00:00 0 
7a9db429c000-7a9db8000000 ---p 00000000 00:00 0 
7a9dbc000000-7a9dbc03c000 rw-p 00000000 00:00 0 
7a9dbc03c000-7a9dc0000000 ---p 00000000 00:00 0 
7a9dc4000000-7a9dc41bd000 rw-p 00000000 00:00 0 
7a9dc41bd000-7a9dc8000000 ---p 00000000 00:00 0 
7a9dcc000000-7a9dcc29d000 rw-p 00000000 00:00 0 
7a9dcc29d000-7a9dd0000000 ---p 00000000 00:00 0 
7a9dd4000000-7a9dd41bd000 rw-p 00000000 00:00 0 
7a9dd41bd000-7a9dd8000000 ---p 00000000 00:00 0 
7a9ddc000000-7a9ddc29d000 rw-p 00000000 00:00 0 
7a9ddc29d000-7a9de0000000 ---p 00000000 00:00 0 
7a9de4000000-7a9de429d000 rw-p 00000000 00:00 0 
7a9de429d000-7a9de8000000 ---p 00000000 00:00 0 
7a9dec000000-7a9dec29b000 rw-p 00000000 00:00 0 
7a9dec29b000-7a9df0000000 ---p 00000000 00:00 0 
7a9df4000000-7a9df403b000 rw-p 00000000 00:00 0 
7a9df403b000-7a9df8000000 ---p 00000000 00:00 0 
7a9dfc000000-7a9dfc032000 rw-p 00000000 00:00 0 
7a9dfc032000-7a9e00000000 ---p 00000000 00:00 0 
7a9e04000000-7a9e0429d000 rw-p 00000000 00:00 0 
7a9e0429d000-7a9e08000000 ---p 00000000 00:00 0 
7a9e08000000-7a9e0829c000 rw-p 00000000 00:00 0 
7a9e0829c000-7a9e0c000000 ---p 00000000 00:00 0 
7a9e0c000000-7a9e0c29e000 rw-p 00000000 00:00 0 
7a9e0c29e000-7a9e10000000 ---p 00000000 00:00 0 
7a9e14000000-7a9e141bd000 rw-p 00000000 00:00 0 
7a9e141bd000-7a9e18000000 ---p 00000000 00:00 0 
7a9e18000000-7a9e181bd000 rw-p 00000000 00:00 0 
7a9e181bd000-7a9e1c000000 ---p 00000000 00:00 0 
7a9e1c000000-7a9e1c29e000 rw-p 00000000 00:00 0 
7a9e1c29e000-7a9e20000000 ---p 00000000 00:00 0 
7a9e20000000-7a9e201d0000 rw-p 00000000 00:00 0 
7a9e201d0000-7a9e24000000 ---p 00000000 00:00 0 
7a9e28000000-7a9e28031000 rw-p 00000000 00:00 0 
7a9e28031000-7a9e2c000000 ---p 00000000 00:00 0 
7a9e30000000-7a9e3029d000 rw-p 00000000 00:00 0 
7a9e3029d000-7a9e34000000 ---p 00000000 00:00 0 
7a9e38000000-7a9e381ba000 rw-p 00000000 00:00 0 
7a9e381ba000-7a9e3c000000 ---p 00000000 00:00 0 
7a9e40000000-7a9e4029e000 rw-p 00000000 00:00 0 
7a9e4029e000-7a9e44000000 ---p 00000000 00:00 0 
7a9e48000000-7a9e4829b000 rw-p 00000000 00:00 0 
7a9e4829b000-7a9e4c000000 ---p 00000000 00:00 0 
7a9e50000000-7a9e5003e000 rw-p 00000000 00:00 0 
7a9e5003e000-7a9e54000000 ---p 00000000 00:00 0 
7a9e58000000-7a9e5829c000 rw-p 00000000 00:00 0 
7a9e5829c000-7a9e5c000000 ---p 00000000 00:00 0 
7a9e60000000-7a9e6029e000 rw-p 00000000 00:00 0 
7a9e6029e000-7a9e64000000 ---p 00000000 00:00 0 
7a9e68000000-7a9e681bd000 rw-p 00000000 00:00 0 
7a9e681bd000-7a9e6c000000 ---p 00000000 00:00 0 
7a9e70000000-7a9e701bc000 rw-p 00000000 00:00 0 
7a9e701bc000-7a9e74000000 ---p 00000000 00:00 0 
7a9e78000000-7a9e7829c000 rw-p 00000000 00:00 0 
7a9e7829c000-7a9e7c000000 ---p 00000000 00:00 0 
7a9e80000000-7a9e801d0000 rw-p 00000000 00:00 0 
7a9e801d0000-7a9e84000000 ---p 00000000 00:00 0 
7a9e88000000-7a9e8829e000 rw-p 00000000 00:00 0 
7a9e8829e000-7a9e8c000000 ---p 00000000 00:00 0 
7a9e90000000-7a9e9029d000 rw-p 00000000 00:00 0 
7a9e9029d000-7a9e94000000 ---p 00000000 00:00 0 
7a9e98000000-7a9e9829c000 rw-p 00000000 00:00 0 
7a9e9829c000-7a9e9c000000 ---p 00000000 00:00 0 
7a9e9ec00000-7a9e9ec04000 ---p 00000000 00:00 0 
7a9e9ec04000-7a9e9f600000 rw-p 00000000 00:00 0 
7a9ea0000000-7a9ea01bd000 rw-p 00000000 00:00 0 
7a9ea01bd000-7a9ea4000000 ---p 00000000 00:00 0 
7a9ea47f9000-7a9ea47fa000 ---p 00000000 00:00 0 
7a9ea47fa000-7a9ea4ffa000 rw-p 00000000 00:00 0 
7a9ea4ffa000-7a9ea4ffb000 ---p 00000000 00:00 0 
7a9ea4ffb000-7a9ea57fb000 rw-p 00000000 00:00 0 
7a9ea57fb000-7a9ea57fc000 ---p 00000000 00:00 0 
7a9ea57fc000-7a9ea5ffc000 rw-p 00000000 00:00 0 
7a9ea5ffc000-7a9ea5ffd000 ---p 00000000 00:00 0 
7a9ea5ffd000-7a9ea67fd000 rw-p 00000000 00:00 0 
7a9ea67fd000-7a9ea67fe000 ---p 00000000 00:00 0 
7a9ea67fe000-7a9ea6ffe000 rw-p 00000000 00:00 0 
7a9ea6ffe000-7a9ea6fff000 ---p 00000000 00:00 0 
7a9ea6fff000-7a9ea77ff000 rw-p 00000000 00:00 0 
7a9ea77ff000-7a9ea7800000 ---p 00000000 00:00 0 
7a9ea7800000-7a9ea8000000 rw-p 00000000 00:00 0 
7a9ea8000000-7a9ea829b000 rw-p 00000000 00:00 0 
7a9ea829b000-7a9eac000000 ---p 00000000 00:00 0 
7a9eac7f9000-7a9eac7fa000 ---p 00000000 00:00 0 
7a9eac7fa000-7a9eacffa000 rw-p 00000000 00:00 0 
7a9eacffa000-7a9eacffb000 ---p 00000000 00:00 0 
7a9eacffb000-7a9ead7fb000 rw-p 00000000 00:00 0 
7a9ead7fb000-7a9ead7fc000 ---p 00000000 00:00 0 
7a9ead7fc000-7a9eadffc000 rw-p 00000000 00:00 0 
7a9eadffc000-7a9eadffd000 ---p 00000000 00:00 0 
7a9eadffd000-7a9eae7fd000 rw-p 00000000 00:00 0 
7a9eae7fd000-7a9eae7fe000 ---p 00000000 00:00 0 
7a9eae7fe000-7a9eaeffe000 rw-p 00000000 00:00 0 
7a9eaeffe000-7a9eaefff000 ---p 00000000 00:00 0 
7a9eaefff000-7a9eaf7ff000 rw-p 00000000 00:00 0 
7a9eaf7ff000-7a9eaf800000 ---p 00000000 00:00 0 
7a9eaf800000-7a9eb0000000 rw-p 00000000 00:00 0 
7a9eb0000000-7a9eb029f000 rw-p 00000000 00:00 0 
7a9eb029f000-7a9eb4000000 ---p 00000000 00:00 0 
7a9eb47f9000-7a9eb47fa000 ---p 00000000 00:00 0 
7a9eb47fa000-7a9eb4ffa000 rw-p 00000000 00:00 0 
7a9eb4ffa000-7a9eb4ffb000 ---p 00000000 00:00 0 
7a9eb4ffb000-7a9eb57fb000 rw-p 00000000 00:00 0 
7a9eb57fb000-7a9eb57fc000 ---p 00000000 00:00 0 
7a9eb57fc000-7a9eb5ffc000 rw-p 00000000 00:00 0 
7a9eb5ffc000-7a9eb5ffd000 ---p 00000000 00:00 0 
7a9eb5ffd000-7a9eb67fd000 rw-p 00000000 00:00 0 
7a9eb67fd000-7a9eb67fe000 ---p 00000000 00:00 0 
7a9eb67fe000-7a9eb6ffe000 rw-p 00000000 00:00 0 
7a9eb6ffe000-7a9eb6fff000 ---p 00000000 00:00 0 
7a9eb6fff000-7a9eb77ff000 rw-p 00000000 00:00 0 
7a9eb77ff000-7a9eb7800000 ---p 00000000 00:00 0 
7a9eb7800000-7a9eb8000000 rw-p 00000000 00:00 0 
7a9eb8000000-7a9eb829f000 rw-p 00000000 00:00 0 
7a9eb829f000-7a9ebc000000 ---p 00000000 00:00 0 
7a9ebc7f9000-7a9ebc7fa000 ---p 00000000 00:00 0 
7a9ebc7fa000-7a9ebcffa000 rw-p 00000000 00:00 0 
7a9ebcffa000-7a9ebcffb000 ---p 00000000 00:00 0 
7a9ebcffb000-7a9ebd7fb000 rw-p 00000000 00:00 0 
7a9ebd7fb000-7a9ebd7fc000 ---p 00000000 00:00 0 
7a9ebd7fc000-7a9ebdffc000 rw-p 00000000 00:00 0 
7a9ebdffc000-7a9ebdffd000 ---p 00000000 00:00 0 
7a9ebdffd000-7a9ebe7fd000 rw-p 00000000 00:00 0 
7a9ebe7fd000-7a9ebe7fe000 ---p 00000000 00:00 0 
7a9ebe7fe000-7a9ebeffe000 rw-p 00000000 00:00 0 
7a9ebeffe000-7a9ebefff000 ---p 00000000 00:00 0 
7a9ebefff000-7a9ebf7ff000 rw-p 00000000 00:00 0 
7a9ebf7ff000-7a9ebf800000 ---p 00000000 00:00 0 
7a9ebf800000-7a9ec0000000 rw-p 00000000 00:00 0 
7a9ec0000000-7a9ec029f000 rw-p 00000000 00:00 0 
7a9ec029f000-7a9ec4000000 ---p 00000000 00:00 0 
7a9ec47f9000-7a9ec47fa000 ---p 00000000 00:00 0 
7a9ec47fa000-7a9ec4ffa000 rw-p 00000000 00:00 0 
7a9ec4ffa000-7a9ec4ffb000 ---p 00000000 00:00 0 
7a9ec4ffb000-7a9ec57fb000 rw-p 00000000 00:00 0 
7a9ec57fb000-7a9ec57fc000 ---p 00000000 00:00 0 
7a9ec57fc000-7a9ec5ffc000 rw-p 00000000 00:00 0 
7a9ec5ffc000-7a9ec5ffd000 ---p 00000000 00:00 0 
7a9ec5ffd000-7a9ec67fd000 rw-p 00000000 00:00 0 
7a9ec67fd000-7a9ec67fe000 ---p 00000000 00:00 0 
7a9ec67fe000-7a9ec6ffe000 rw-p 00000000 00:00 0 
7a9ec6ffe000-7a9ec6fff000 ---p 00000000 00:00 