#
# A fatal error has been detected by the Java Runtime Environment:
#
#  SIGSEGV (0xb) at pc=0x00007a70b1accea5, pid=3177029, tid=3177646
#
# JRE version: OpenJDK Runtime Environment (21.0.7+6) (build 21.0.7+6-Ubuntu-0ubuntu124.04)
# Java VM: OpenJDK 64-Bit Server VM (21.0.7+6-Ubuntu-0ubuntu124.04, mixed mode, sharing, tiered, compressed oops, compressed class ptrs, g1 gc, linux-amd64)
# Problematic frame:
# C  [libscipy_openblas-68440149.so+0x8ccea5]  dgemm_incopy_SKYLAKEX+0x9d5
#
# Core dump will be written. Default location: Core dumps may be processed with "/usr/share/apport/apport -p%p -s%s -c%c -d%d -P%P -u%u -g%g -F%F -- %E" (or dumping to /home/henriqueramos_qs/meta-learning-concept-drift/core.3177029)
#
# If you would like to submit a bug report, please visit:
#   https://bugs.launchpad.net/ubuntu/+source/openjdk-21
#

---------------  S U M M A R Y ------------

Command Line: -Xmx8g -Xss10M 

Host: Intel(R) Xeon(R) Gold 5220R CPU @ 2.20GHz, 96 cores, 187G, Ubuntu 24.04 LTS
Time: Wed Jul 23 23:40:58 2025 -03 elapsed time: 5.381422 seconds (0d 0h 0m 5s)

---------------  T H R E A D  ---------------

Current thread is native thread

Stack: [0x00007a6e1f7d8000,0x00007a6e1ffd8000],  sp=0x00007a6e1ffd4f90,  free space=8179k
Native frames: (J=compiled Java code, j=interpreted, Vv=VM code, C=native code)
C  [libscipy_openblas-68440149.so+0x8ccea5]  dgemm_incopy_SKYLAKEX+0x9d5

siginfo: si_signo: 11 (SIGSEGV), si_code: 1 (SEGV_MAPERR), si_addr: 0x00007a70af200000

Registers:
RAX=0x00007a6fcc005530, RBX=0x000000000000000b, RCX=0x0000000000000005, RDX=0x00007a70af200010
RSP=0x00007a6e1ffd4f90, RBP=0x00007a70af200000, RSI=0x0000000000000005, RDI=0x000000000000000b
R8 =0x00007a70af200000, R9 =0x00007a70b2579ae0, R10=0x000000000000000b, R11=0x000000000000000a
R12=0x00007a70b257e9b0, R13=0x00007a70af200000, R14=0x00007a6e1ffd52d0, R15=0x00007a6d1c01d190
RIP=0x00007a70b1accea5, EFLAGS=0x0000000000010202, CSGSFS=0x002b000000000033, ERR=0x0000000000000006
  TRAPNO=0x000000000000000e

XMM[0]=0x0000000000000000 0xbfe7a23166210bad
XMM[1]=0x0000000000000000 0xbff69be10a0fd2a2
XMM[2]=0x0000000000000000 0x4069000000000000
XMM[3]=0x00007a6d1c000b00 0x00007a6e46f97c10
XMM[4]=0x0000000000000000 0x00007a6d1c000090
XMM[5]=0x0000000000000000 0x0000000000000000
XMM[6]=0x0000000000000000 0x0000000000000000
XMM[7]=0x00007a6d1c003320 0x00007a6e46f97530
XMM[8]=0x0000000000000000 0x0000000000000000
XMM[9]=0x0000000000000000 0x0000000000000000
XMM[10]=0x0000000000000000 0x0000000000000000
XMM[11]=0x0000000000000000 0x0000000000000001
XMM[12]=0x00007a6d1c003260 0x00007a6e46f97cc0
XMM[13]=0x0000000000000000 0x0000000000000000
XMM[14]=0x0000000000000000 0x0000000000000000
XMM[15]=0x0000000000000000 0x0000000000000000
  MXCSR=0x00001fa2


Top of Stack: (sp=0x00007a6e1ffd4f90)
0x00007a6e1ffd4f90:   00007a7162cc97c0 00000000249d9ff0
0x00007a6e1ffd4fa0:   00007a7162bdcfe0 0000000000000002
0x00007a6e1ffd4fb0:   00007a6e1ffd4ff0 00007a6fcc005530
0x00007a6e1ffd4fc0:   0000000000000008 0000000000000002
0x00007a6e1ffd4fd0:   0000000000000001 000000000000000b
0x00007a6e1ffd4fe0:   000000000000000b 00007a6e1ffd544c
0x00007a6e1ffd4ff0:   0000000000000006 00007a7162368bec
0x00007a6e1ffd5000:   0000000000000002 0000000000000006
0x00007a6e1ffd5010:   00007a6e1ffd5070 00007a716247f1ae
0x00007a6e1ffd5020:   00007a6e00000007 0000000000000002
0x00007a6e1ffd5030:   00007a6e46feb080 0000000000000001
0x00007a6e1ffd5040:   00007a7162a60f47 0000000745f56130
0x00007a6e1ffd5050:   0000000000000001 0000003000000030
0x00007a6e1ffd5060:   00007a6e1ffd5400 00007a6e1ffd5270
0x00007a6e1ffd5070:   0000000000000000 000000000000000b
0x00007a6e1ffd5080:   00007a70af200000 00007a70b257e9b0
0x00007a6e1ffd5090:   0000000000000001 00007a6e1ffd52d0
0x00007a6e1ffd50a0:   00007a6d1c01d190 00007a70b13a90f5
0x00007a6e1ffd50b0:   0000000000000001 0000000000000000
0x00007a6e1ffd50c0:   00000000000000c8 0000000000000001
0x00007a6e1ffd50d0:   00007a6e1ffd52d8 00007a6d1c01d1f0
0x00007a6e1ffd50e0:   00007a70af290000 0000000000000000
0x00007a6e1ffd50f0:   0000000000000001 0000000000000000
0x00007a6e1ffd5100:   00007a6fcc005530 0000000000000000
0x00007a6e1ffd5110:   0000000000000000 00000000000000c8
0x00007a6e1ffd5120:   0000000000000000 00007a6d1c003320
0x00007a6e1ffd5130:   000000000000000b 000000000000000b
0x00007a6e1ffd5140:   000000000000000b 0000000000000000
0x00007a6e1ffd5150:   0000000000000001 0000000000000000
0x00007a6e1ffd5160:   000000000000000b 0000000000012000
0x00007a6e1ffd5170:   00000000000000c8 0000000000000000
0x00007a6e1ffd5180:   0000000000000050 0000000000000000 

Instructions: (pc=0x00007a70b1accea5)
0x00007a70b1accda5:   c4 c1 7b 11 55 08 c4 c1 7b 11 4d 10 c4 c1 7b 11
0x00007a70b1accdb5:   45 18 49 83 c5 20 f6 44 24 40 02 0f 84 ac 00 00
0x00007a70b1accdc5:   00 48 8b 4c 24 50 48 8b 54 24 28 4c 8b 44 24 48
0x00007a70b1accdd5:   48 c1 e1 03 4c 8d 0c 0a 49 d1 f8 4c 01 c9 4d 85
0x00007a70b1accde5:   c0 7e 5c 4c 89 e8 4c 89 ce 4c 89 c7 0f 1f 80 00
0x00007a70b1accdf5:   00 00 00 c5 fb 10 1a c5 fb 10 4a 08 c5 fb 10 16
0x00007a70b1acce05:   c5 fb 10 46 08 48 83 c2 10 c5 fb 11 18 c5 fb 11
0x00007a70b1acce15:   50 08 c5 fb 11 48 10 c5 fb 11 40 18 48 83 c6 10
0x00007a70b1acce25:   48 83 c0 20 48 ff cf 75 ca 4c 89 c0 48 c1 e0 04
0x00007a70b1acce35:   48 01 44 24 28 49 c1 e0 05 49 01 c1 4d 01 c5 f6
0x00007a70b1acce45:   44 24 48 01 0f 84 c1 00 00 00 48 8b 44 24 28 c4
0x00007a70b1acce55:   c1 7b 10 01 c5 fb 10 08 48 89 4c 24 28 c4 c1 7b
0x00007a70b1acce65:   11 4d 00 c4 c1 7b 11 45 08 49 83 c5 10 f6 44 24
0x00007a70b1acce75:   40 01 74 61 48 8b 74 24 48 48 d1 fe 48 85 f6 7e
0x00007a70b1acce85:   3e 48 8b 44 24 28 4c 89 ea 48 89 f1 0f 1f 80 00
0x00007a70b1acce95:   00 00 00 c5 fb 10 08 c5 fb 10 40 08 48 83 c2 10
0x00007a70b1accea5:   c5 fb 11 4a f0 c5 fb 11 42 f8 48 83 c0 10 48 