#
# A fatal error has been detected by the Java Runtime Environment:
#
#  SIGSEGV (0xb) at pc=0x00007a00cf8c945c, pid=1358255, tid=1422352
#
# JRE version: OpenJDK Runtime Environment (21.0.8+9) (build 21.0.8+9-Ubuntu-0ubuntu124.04.1)
# Java VM: OpenJDK 64-Bit Server VM (21.0.8+9-Ubuntu-0ubuntu124.04.1, mixed mode, sharing, tiered, compressed oops, compressed class ptrs, g1 gc, linux-amd64)
# Problematic frame:
# C  [libscipy_openblas-68440149.so+0xc945c]  scipy_dgemm_+0x32c
#
# Core dump will be written. Default location: Core dumps may be processed with "/usr/share/apport/apport -p%p -s%s -c%c -d%d -P%P -u%u -g%g -F%F -- %E" (or dumping to /home/henriqueramos_qs/meta-learning-concept-drift/core.1358255)
#
# If you would like to submit a bug report, please visit:
#   https://bugs.launchpad.net/ubuntu/+source/openjdk-21
#

---------------  S U M M A R Y ------------

Command Line: -Xmx8g -Xss10M 

Host: Intel(R) Xeon(R) Gold 5220R CPU @ 2.20GHz, 96 cores, 187G, Ubuntu 24.04.3 LTS
Time: Thu Aug  7 20:23:03 2025 -03 elapsed time: 471.924383 seconds (0d 0h 7m 51s)

---------------  T H R E A D  ---------------

Current thread is native thread

Stack: [0x000079ff98c01000,0x000079ff99600000],  sp=0x000079ff995fd1c0,  free space=10224k
Native frames: (J=compiled Java code, j=interpreted, Vv=VM code, C=native code)
C  [libscipy_openblas-68440149.so+0xc945c]  scipy_dgemm_+0x32c

siginfo: si_signo: 11 (SIGSEGV), si_code: 1 (SEGV_MAPERR), si_addr: 0x00000000000002d8

Registers:
RAX=0x0000000000000000, RBX=0x0000000000000000, RCX=0x0000000000000000, RDX=0x0000000000000000
RSP=0x000079ff995fd1c0, RBP=0x0000000000000001, RSI=0x0000000000000000, RDI=0x00007a00d0b80a00
R8 =0x0000000000000000, R9 =0x0000000000000000, R10=0x0000000000000000, R11=0x0000000000000246
R12=0x00007a00d0b7e9b0, R13=0x00007a00fc200000, R14=0x000079ff995fd2d0, R15=0x000079ffe00200e0
RIP=0x00007a00cf8c945c, EFLAGS=0x0000000000010206, CSGSFS=0x002b000000000033, ERR=0x0000000000000004
  TRAPNO=0x000000000000000e

XMM[0]=0x0000000000000000 0x401c000000000000
XMM[1]=0x0000000000000000 0x4069000000000000
XMM[2]=0x0000000000000000 0x4069000000000000
XMM[3]=0x000079ffe0002fb0 0x000079fe68e75e80
XMM[4]=0x3ffdb92e67201579 0x40238737a7b07874
XMM[5]=0x0000000000000000 0x0000000000000000
XMM[6]=0x0000000000000000 0x0000000000000000
XMM[7]=0x000079ffe0008d30 0x000079fe68e76400
XMM[8]=0x0000000000000000 0x0000000000000000
XMM[9]=0x0000000000000000 0x0000000000000000
XMM[10]=0x0000000000000000 0x0000000000000000
XMM[11]=0x0000000000000000 0x0000000000000007
XMM[12]=0x0000000026e6ab80 0x000079fe68e75bc0
XMM[13]=0x0000000000000000 0x0000000000000000
XMM[14]=0x0000000000000000 0x0000000000000000
XMM[15]=0x0000000000000000 0x0000000000000000
  MXCSR=0x00001fa2


Top of Stack: (sp=0x000079ff995fd1c0)
0x000079ff995fd1c0:   0000000000000002 00000000809728ca
0x000079ff995fd1d0:   000079fc380297d0 000079ffe0008d30
0x000079ff995fd1e0:   000079ffe0021770 000079ff995fd210
0x000079ff995fd1f0:   000079ff995fd2d8 000079ff995fd2d0
0x000079ff995fd200:   0000000000000007 00000000000000c8
0x000079ff995fd210:   000000000000000a 000000000000000a
0x000079ff995fd220:   000000000000000a 0000000000000007
0x000079ff995fd230:   000079ff995fd2a0 000000000064ed57
0x000079ff995fd240:   00007a01811aa180 0000000000b491a8
0x000079ff995fd250:   000079ff995fd2e0 00007a0181aac44e
0x000079ff995fd260:   00000000000000c8 0000000000000007
0x000079ff995fd270:   0000000000000007 000079ffe0008d30
0x000079ff995fd280:   000079ffe0021770 00007a002c1aca73
0x000079ff995fd290:   000079fc380297d0 000079ff995fd328
0x000079ff995fd2a0:   000079ffe0008d30 000079ff995fd318
0x000079ff995fd2b0:   000079ff995fd2d0 000079ffe0021770
0x000079ff995fd2c0:   000079ff995fd338 000079ff995fd41c
0x000079ff995fd2d0:   3ff0000000000000 c000000000000000
0x000079ff995fd2e0:   0000000a68e762a0 000000c800000007
0x000079ff995fd2f0:   000079ffe00200e0 746e7a0029c89924
0x000079ff995fd300:   0000000000000007 00007a0029c89b0a
0x000079ff995fd310:   000079ffe0008d30 000000000000000a
0x000079ff995fd320:   000079fc380297d0 000000000000000a
0x000079ff995fd330:   000079ffe0021770 0000000000000007
0x000079ff995fd340:   0000000000a408a0 000079ff00000001
0x000079ff995fd350:   000079ff00000007 00000006809c6504
0x000079ff995fd360:   000079ffe0020320 000079ff995fe8a0
0x000079ff995fd370:   0000000100000007 0000000000000000
0x000079ff995fd380:   0000000023394460 000000c800000001
0x000079ff995fd390:   000000000000000a 000000c800000001
0x000079ff995fd3a0:   0000000a0000000a 0000000700000000
0x000079ff995fd3b0:   0000000000000007 00000000000000c8 

Instructions: (pc=0x00007a00cf8c945c)
0x00007a00cf8c935c:   ff 54 0f 85 b4 00 00 00 48 89 d7 bb 01 00 00 00
0x00007a00cf8c936c:   31 ed e9 9a 00 00 00 0f 1f 44 00 00 31 ed 89 eb
0x00007a00cf8c937c:   83 e3 01 40 80 ff 4e 0f 84 ff 01 00 00 40 80 ff
0x00007a00cf8c938c:   54 0f 85 15 02 00 00 85 db 0f 85 32 02 00 00 48
0x00007a00cf8c939c:   89 d7 31 ed bb 01 00 