#
# A fatal error has been detected by the Java Runtime Environment:
#
#  SIGSEGV (0xb) at pc=0x0000705e71957036, pid=3667540, tid=3679530
#
# JRE version: OpenJDK Runtime Environment (21.0.8+9) (build 21.0.8+9-Ubuntu-0ubuntu124.04.1)
# Java VM: OpenJDK 64-Bit Server VM (21.0.8+9-Ubuntu-0ubuntu124.04.1, mixed mode, sharing, tiered, compressed oops, compressed class ptrs, g1 gc, linux-amd64)
# Problematic frame:
# C  [libscipy_openblas-c128ec02.so+0x357036]  alloc_mmap+0xe6
#
# Core dump will be written. Default location: Core dumps may be processed with "/usr/share/apport/apport -p%p -s%s -c%c -d%d -P%P -u%u -g%g -F%F -- %E" (or dumping to /home/henriqueramos_qs/meta-learning-concept-drift/core.3667540)
#
# If you would like to submit a bug report, please visit:
#   https://bugs.launchpad.net/ubuntu/+source/openjdk-21
#

---------------  S U M M A R Y ------------

Command Line: -Xmx8g -Xss10M 

Host: Intel(R) Xeon(R) Gold 5220R CPU @ 2.20GHz, 96 cores, 187G, Ubuntu 24.04.3 LTS
Time: Mon Sep  8 15:24:58 2025 -03 elapsed time: 60.899247 seconds (0d 0h 1m 0s)

---------------  T H R E A D  ---------------

Current thread is native thread

Stack: [0x0000705bf0a01000,0x0000705bf1400000],  sp=0x0000705bf13fe230,  free space=10228k
Native frames: (J=compiled Java code, j=interpreted, Vv=VM code, C=native code)
C  [libscipy_openblas-c128ec02.so+0x357036]  alloc_mmap+0xe6