/home/henriqueramos_qs/meta-learning-concept-drift/.venv/bin/python3: Error while finding module specification for 'models.mfes_extracotrs.js_detector' (ModuleNotFoundError: No module named 'models.mfes_extracotrs')
unknown: Fatal error in exception handling
unknown: native/common/jp_javaframe.cpp JPJavaFrame 49
#
# A fatal error has been detected by the Java Runtime Environment:
#
#  SIGSEGV (0xb) at pc=0x00007eb38d19f4f3, pid=1895528, tid=1895528
#
# JRE version: OpenJDK Runtime Environment (21.0.8+9) (build 21.0.8+9-Ubuntu-0ubuntu124.04.1)
# Java VM: OpenJDK 64-Bit Server VM (21.0.8+9-Ubuntu-0ubuntu124.04.1, mixed mode, sharing, tiered, compressed oops, compressed class ptrs, g1 gc, linux-amd64)
# Problematic frame:
# C  [_jpype.cpython-312-x86_64-linux-gnu.so+0x424f3]  JPypeException::toJava() [clone .cold]+0x5d
#
# Core dump will be written. Default location: Core dumps may be processed with "/usr/share/apport/apport -p%p -s%s -c%c -d%d -P%P -u%u -g%g -F%F -- %E" (or dumping to /home/henriqueramos_qs/meta-learning-concept-drift/core.1895528)
#
# An error report file with more information is saved as:
# /home/henriqueramos_qs/meta-learning-concept-drift/hs_err_pid1895528.log
#
# If you would like to submit a bug report, please visit:
#   https://bugs.launchpad.net/ubuntu/+source/openjdk-21
# The crash happened outside the Java Virtual Machine in native code.
# See problematic frame for where to report the bug.
#
