Estou rodando
dir: fernanda_weak, base_model: RandomForestClassifier - dataset_name: electricity - n_features:5
🔄 Starting final hyperparameter tuning...
🔄 Starting final hyperparameter tuning...
🔄 Starting final hyperparameter tuning...
🔄 Starting final hyperparameter tuning...
🔄 Starting final hyperparameter tuning...
🔄 Starting final hyperparameter tuning...
🔄 Starting final hyperparameter tuning...
🔄 Starting final hyperparameter tuning...
🔄 Starting final hyperparameter tuning...
🔄 Starting final hyperparameter tuning...
🔄 Starting final hyperparameter tuning...
🔄 Starting final hyperparameter tuning...
🔄 Starting final hyperparameter tuning...
🔄 Starting final hyperparameter tuning...
🔄 Starting final hyperparameter tuning...
🔄 Starting final hyperparameter tuning...
🔄 Starting final hyperparameter tuning...
🔄 Starting final hyperparameter tuning...
🔄 Starting final hyperparameter tuning...
🔄 Starting final hyperparameter tuning...
🔄 Starting final hyperparameter tuning...
🔄 Starting final hyperparameter tuning...
🔄 Starting final hyperparameter tuning...
🔄 Starting final hyperparameter tuning...
dir: fernanda_weak, base_model: RandomForestClassifier - dataset_name: electricity - n_features:10
🔄 Starting final hyperparameter tuning...
🔄 Starting final hyperparameter tuning...
🔄 Starting final hyperparameter tuning...
🔄 Starting final hyperparameter tuning...
🔄 Starting final hyperparameter tuning...
🔄 Starting final hyperparameter tuning...
🔄 Starting final hyperparameter tuning...
🔄 Starting final hyperparameter tuning...
🔄 Starting final hyperparameter tuning...
🔄 Starting final hyperparameter tuning...
🔄 Starting final hyperparameter tuning...
🔄 Starting final hyperparameter tuning...
🔄 Starting final hyperparameter tuning...
🔄 Starting final hyperparameter tuning...
🔄 Starting final hyperparameter tuning...
🔄 Starting final hyperparameter tuning...
🔄 Starting final hyperparameter tuning...
🔄 Starting final hyperparameter tuning...
🔄 Starting final hyperparameter tuning...
🔄 Starting final hyperparameter tuning...
🔄 Starting final hyperparameter tuning...
🔄 Starting final hyperparameter tuning...
🔄 Starting final hyperparameter tuning...
🔄 Starting final hyperparameter tuning...
dir: fernanda_weak, base_model: RandomForestClassifier - dataset_name: electricity - n_features:15
🔄 Starting final hyperparameter tuning...
🔄 Starting final hyperparameter tuning...
🔄 Starting final hyperparameter tuning...
🔄 Starting final hyperparameter tuning...
🔄 Starting final hyperparameter tuning...
🔄 Starting final hyperparameter tuning...
🔄 Starting final hyperparameter tuning...
🔄 Starting final hyperparameter tuning...
🔄 Starting final hyperparameter tuning...
🔄 Starting final hyperparameter tuning...
🔄 Starting final hyperparameter tuning...
🔄 Starting final hyperparameter tuning...
🔄 Starting final hyperparameter tuning...
🔄 Starting final hyperparameter tuning...
🔄 Starting final hyperparameter tuning...
🔄 Starting final hyperparameter tuning...
🔄 Starting final hyperparameter tuning...
🔄 Starting final hyperparameter tuning...
🔄 Starting final hyperparameter tuning...
🔄 Starting final hyperparameter tuning...
🔄 Starting final hyperparameter tuning...
🔄 Starting final hyperparameter tuning...
🔄 Starting final hyperparameter tuning...
🔄 Starting final hyperparameter tuning...
dir: fernanda_weak, base_model: RandomForestClassifier - dataset_name: electricity - n_features:20
🔄 Starting final hyperparameter tuning...
🔄 Starting final hyperparameter tuning...
🔄 Starting final hyperparameter tuning...
🔄 Starting final hyperparameter tuning...
🔄 Starting final hyperparameter tuning...
🔄 Starting final hyperparameter tuning...
🔄 Starting final hyperparameter tuning...
🔄 Starting final hyperparameter tuning...
🔄 Starting final hyperparameter tuning...
🔄 Starting final hyperparameter tuning...
🔄 Starting final hyperparameter tuning...
🔄 Starting final hyperparameter tuning...
🔄 Starting final hyperparameter tuning...
🔄 Starting final hyperparameter tuning...
🔄 Starting final hyperparameter tuning...
🔄 Starting final hyperparameter tuning...
🔄 Starting final hyperparameter tuning...
🔄 Starting final hyperparameter tuning...
🔄 Starting final hyperparameter tuning...
🔄 Starting final hyperparameter tuning...
🔄 Starting final hyperparameter tuning...
🔄 Starting final hyperparameter tuning...
🔄 Starting final hyperparameter tuning...
🔄 Starting final hyperparameter tuning...
dir: fernanda_weak, base_model: RandomForestClassifier - dataset_name: electricity - n_features:25
🔄 Starting final hyperparameter tuning...
🔄 Starting final hyperparameter tuning...
🔄 Starting final hyperparameter tuning...
🔄 Starting final hyperparameter tuning...
🔄 Starting final hyperparameter tuning...
🔄 Starting final hyperparameter tuning...
🔄 Starting final hyperparameter tuning...
🔄 Starting final hyperparameter tuning...
🔄 Starting final hyperparameter tuning...
🔄 Starting final hyperparameter tuning...
🔄 Starting final hyperparameter tuning...
🔄 Starting final hyperparameter tuning...
🔄 Starting final hyperparameter tuning...
🔄 Starting final hyperparameter tuning...
🔄 Starting final hyperparameter tuning...
🔄 Starting final hyperparameter tuning...
🔄 Starting final hyperparameter tuning...
🔄 Starting final hyperparameter tuning...
🔄 Starting final hyperparameter tuning...
🔄 Starting final hyperparameter tuning...
🔄 Starting final hyperparameter tuning...
🔄 Starting final hyperparameter tuning...
🔄 Starting final hyperparameter tuning...
🔄 Starting final hyperparameter tuning...
dir: fernanda_weak, base_model: RandomForestClassifier - dataset_name: electricity - n_features:30
🔄 Starting final hyperparameter tuning...
🔄 Starting final hyperparameter tuning...
🔄 Starting final hyperparameter tuning...
🔄 Starting final hyperparameter tuning...
🔄 Starting final hyperparameter tuning...
🔄 Starting final hyperparameter tuning...
🔄 Starting final hyperparameter tuning...
🔄 Starting final hyperparameter tuning...
🔄 Starting final hyperparameter tuning...
🔄 Starting final hyperparameter tuning...
🔄 Starting final hyperparameter tuning...
🔄 Starting final hyperparameter tuning...
🔄 Starting final hyperparameter tuning...
🔄 Starting final hyperparameter tuning...
🔄 Starting final hyperparameter tuning...
🔄 Starting final hyperparameter tuning...
🔄 Starting final hyperparameter tuning...
🔄 Starting final hyperparameter tuning...
🔄 Starting final hyperparameter tuning...
🔄 Starting final hyperparameter tuning...
🔄 Starting final hyperparameter tuning...
🔄 Starting final hyperparameter tuning...
🔄 Starting final hyperparameter tuning...
🔄 Starting final hyperparameter tuning...
dir: fernanda_weak, base_model: RandomForestClassifier - dataset_name: electricity - n_features:35
🔄 Starting final hyperparameter tuning...
🔄 Starting final hyperparameter tuning...
🔄 Starting final hyperparameter tuning...
🔄 Starting final hyperparameter tuning...
🔄 Starting final hyperparameter tuning...
🔄 Starting final hyperparameter tuning...
🔄 Starting final hyperparameter tuning...
🔄 Starting final hyperparameter tuning...
🔄 Starting final hyperparameter tuning...
🔄 Starting final hyperparameter tuning...
🔄 Starting final hyperparameter tuning...
🔄 Starting final hyperparameter tuning...
🔄 Starting final hyperparameter tuning...
🔄 Starting final hyperparameter tuning...
🔄 Starting final hyperparameter tuning...
🔄 Starting final hyperparameter tuning...
🔄 Starting final hyperparameter tuning...
🔄 Starting final hyperparameter tuning...
🔄 Starting final hyperparameter tuning...
🔄 Starting final hyperparameter tuning...
🔄 Starting final hyperparameter tuning...
🔄 Starting final hyperparameter tuning...
🔄 Starting final hyperparameter tuning...
🔄 Starting final hyperparameter tuning...
dir: fernanda_weak, base_model: RandomForestClassifier - dataset_name: electricity - n_features:40
🔄 Starting final hyperparameter tuning...
🔄 Starting final hyperparameter tuning...
🔄 Starting final hyperparameter tuning...
🔄 Starting final hyperparameter tuning...
🔄 Starting final hyperparameter tuning...
🔄 Starting final hyperparameter tuning...
🔄 Starting final hyperparameter tuning...
🔄 Starting final hyperparameter tuning...
🔄 Starting final hyperparameter tuning...
🔄 Starting final hyperparameter tuning...
🔄 Starting final hyperparameter tuning...
🔄 Starting final hyperparameter tuning...
🔄 Starting final hyperparameter tuning...
🔄 Starting final hyperparameter tuning...
🔄 Starting final hyperparameter tuning...
🔄 Starting final hyperparameter tuning...
🔄 Starting final hyperparameter tuning...
🔄 Starting final hyperparameter tuning...
🔄 Starting final hyperparameter tuning...
🔄 Starting final hyperparameter tuning...
🔄 Starting final hyperparameter tuning...
🔄 Starting final hyperparameter tuning...
🔄 Starting final hyperparameter tuning...
🔄 Starting final hyperparameter tuning...
dir: fernanda_weak, base_model: RandomForestClassifier - dataset_name: electricity - n_features:45
🔄 Starting final hyperparameter tuning...
🔄 Starting final hyperparameter tuning...
🔄 Starting final hyperparameter tuning...
🔄 Starting final hyperparameter tuning...
🔄 Starting final hyperparameter tuning...
🔄 Starting final hyperparameter tuning...
🔄 Starting final hyperparameter tuning...
🔄 Starting final hyperparameter tuning...
🔄 Starting final hyperparameter tuning...
🔄 Starting final hyperparameter tuning...
🔄 Starting final hyperparameter tuning...
🔄 Starting final hyperparameter tuning...
🔄 Starting final hyperparameter tuning...
🔄 Starting final hyperparameter tuning...
🔄 Starting final hyperparameter tuning...
🔄 Starting final hyperparameter tuning...
🔄 Starting final hyperparameter tuning...
🔄 Starting final hyperparameter tuning...
🔄 Starting final hyperparameter tuning...
🔄 Starting final hyperparameter tuning...
🔄 Starting final hyperparameter tuning...
🔄 Starting final hyperparameter tuning...
🔄 Starting final hyperparameter tuning...
🔄 Starting final hyperparameter tuning...
dir: fernanda_weak, base_model: RandomForestClassifier - dataset_name: electricity - n_features:50
🔄 Starting final hyperparameter tuning...
🔄 Starting final hyperparameter tuning...
🔄 Starting final hyperparameter tuning...
🔄 Starting final hyperparameter tuning...
🔄 Starting final hyperparameter tuning...
🔄 Starting final hyperparameter tuning...
🔄 Starting final hyperparameter tuning...
🔄 Starting final hyperparameter tuning...
🔄 Starting final hyperparameter tuning...
🔄 Starting final hyperparameter tuning...
🔄 Starting final hyperparameter tuning...
🔄 Starting final hyperparameter tuning...
🔄 Starting final hyperparameter tuning...
🔄 Starting final hyperparameter tuning...
🔄 Starting final hyperparameter tuning...
🔄 Starting final hyperparameter tuning...
🔄 Starting final hyperparameter tuning...
🔄 Starting final hyperparameter tuning...
🔄 Starting final hyperparameter tuning...
🔄 Starting final hyperparameter tuning...
🔄 Starting final hyperparameter tuning...
🔄 Starting final hyperparameter tuning...
🔄 Starting final hyperparameter tuning...
🔄 Starting final hyperparameter tuning...
dir: fernanda_weak, base_model: RandomForestClassifier - dataset_name: electricity - n_features:55
🔄 Starting final hyperparameter tuning...
🔄 Starting final hyperparameter tuning...
🔄 Starting final hyperparameter tuning...
🔄 Starting final hyperparameter tuning...
🔄 Starting final hyperparameter tuning...
🔄 Starting final hyperparameter tuning...
🔄 Starting final hyperparameter tuning...
🔄 Starting final hyperparameter tuning...
🔄 Starting final hyperparameter tuning...
🔄 Starting final hyperparameter tuning...
🔄 Starting final hyperparameter tuning...
🔄 Starting final hyperparameter tuning...
🔄 Starting final hyperparameter tuning...
🔄 Starting final hyperparameter tuning...
🔄 Starting final hyperparameter tuning...
🔄 Starting final hyperparameter tuning...
🔄 Starting final hyperparameter tuning...
🔄 Starting final hyperparameter tuning...
🔄 Starting final hyperparameter tuning...
🔄 Starting final hyperparameter tuning...
🔄 Starting final hyperparameter tuning...
🔄 Starting final hyperparameter tuning...
🔄 Starting final hyperparameter tuning...
🔄 Starting final hyperparameter tuning...
dir: fernanda_weak, base_model: RandomForestClassifier - dataset_name: electricity - n_features:60
🔄 Starting final hyperparameter tuning...
🔄 Starting final hyperparameter tuning...
🔄 Starting final hyperparameter tuning...
🔄 Starting final hyperparameter tuning...
🔄 Starting final hyperparameter tuning...
🔄 Starting final hyperparameter tuning...
🔄 Starting final hyperparameter tuning...
🔄 Starting final hyperparameter tuning...
🔄 Starting final hyperparameter tuning...
🔄 Starting final hyperparameter tuning...
🔄 Starting final hyperparameter tuning...
🔄 Starting final hyperparameter tuning...
🔄 Starting final hyperparameter tuning...
🔄 Starting final hyperparameter tuning...
🔄 Starting final hyperparameter tuning...
🔄 Starting final hyperparameter tuning...
🔄 Starting final hyperparameter tuning...
🔄 Starting final hyperparameter tuning...
🔄 Starting final hyperparameter tuning...
🔄 Starting final hyperparameter tuning...
🔄 Starting final hyperparameter tuning...
🔄 Starting final hyperparameter tuning...
🔄 Starting final hyperparameter tuning...
🔄 Starting final hyperparameter tuning...
dir: fernanda_weak, base_model: RandomForestClassifier - dataset_name: electricity - n_features:65
🔄 Starting final hyperparameter tuning...
🔄 Starting final hyperparameter tuning...
🔄 Starting final hyperparameter tuning...
🔄 Starting final hyperparameter tuning...
🔄 Starting final hyperparameter tuning...
🔄 Starting final hyperparameter tuning...
🔄 Starting final hyperparameter tuning...
🔄 Starting final hyperparameter tuning...
🔄 Starting final hyperparameter tuning...
🔄 Starting final hyperparameter tuning...
🔄 Starting final hyperparameter tuning...
🔄 Starting final hyperparameter tuning...
🔄 Starting final hyperparameter tuning...
🔄 Starting final hyperparameter tuning...
🔄 Starting final hyperparameter tuning...
🔄 Starting final hyperparameter tuning...
🔄 Starting final hyperparameter tuning...
🔄 Starting final hyperparameter tuning...
🔄 Starting final hyperparameter tuning...
🔄 Starting final hyperparameter tuning...
🔄 Starting final hyperparameter tuning...
🔄 Starting final hyperparameter tuning...
🔄 Starting final hyperparameter tuning...
🔄 Starting final hyperparameter tuning...
dir: fernanda_weak, base_model: RandomForestClassifier - dataset_name: electricity - n_features:70
🔄 Starting final hyperparameter tuning...
🔄 Starting final hyperparameter tuning...
🔄 Starting final hyperparameter tuning...
🔄 Starting final hyperparameter tuning...
🔄 Starting final hyperparameter tuning...
🔄 Starting final hyperparameter tuning...
🔄 Starting final hyperparameter tuning...
🔄 Starting final hyperparameter tuning...
🔄 Starting final hyperparameter tuning...
🔄 Starting final hyperparameter tuning...
🔄 Starting final hyperparameter tuning...
🔄 Starting final hyperparameter tuning...
🔄 Starting final hyperparameter tuning...
🔄 Starting final hyperparameter tuning...
🔄 Starting final hyperparameter tuning...
🔄 Starting final hyperparameter tuning...
🔄 Starting final hyperparameter tuning...
🔄 Starting final hyperparameter tuning...
🔄 Starting final hyperparameter tuning...
🔄 Starting final hyperparameter tuning...
🔄 Starting final hy🔄 Starting final hyperparameter tuning...
🔄 Starting final hyperparameter tuning...
🔄 Starting final hyperparameter tuning...
🔄 Starting final hyperparameter tuning...
dir: fernanda_weak, base_model: RandomForestClassifier - dataset_name: electricity - n_features:75
🔄 Starting final hyperparameter tuning...
🔄 Starting final hyperparameter tuning...
🔄 Starting final hyperparameter tuning...
🔄 Starting final hyperparameter tuning...
🔄 Starting final hyperparameter tuning...
🔄 Starting final hyperparameter tuning...
🔄 Starting final hyperparameter tuning...
🔄 Starting final hyperparameter tuning...
🔄 Starting final hyperparameter tuning...
🔄 Starting final hyperparameter tuning...
🔄 Starting final hyperparameter tuning...
🔄 Starting final hyperparameter tuning...
🔄 Starting final hyperparameter tuning...
🔄 Starting final hyperparameter tuning...
🔄 Starting final hyperparameter tuning...
🔄 Starting final hyperparameter tuning...
🔄 Starting final hyperparameter tuning...
🔄 Starting final hyperparameter tuning...
🔄 Starting final hyperparameter tuning...
🔄 Starting final hyperparameter tuning...
🔄 Starting final hyperparameter tuning...
🔄 Starting final hyperparameter tuning...
🔄 Starting final hyperparameter tuning...
🔄 Starting final hyperparameter tuning...
dir: fernanda_weak, base_model: RandomForestClassifier - dataset_name: electricity - n_features:80
🔄 Starting final hyperparameter tuning...
🔄 Starting final hyperparameter tuning...
🔄 Starting final hyperparameter tuning...
🔄 Starting final hyperparameter tuning...
🔄 Starting final hyperparameter tuning...
🔄 Starting final hyperparameter tuning...
🔄 Starting final hyperparameter tuning...
🔄 Starting final hyperparameter tuning...
🔄 Starting final hyperparameter tuning...
🔄 Starting final hyperparameter tuning...
🔄 Starting final hyperparameter tuning...
🔄 Starting final hyperparameter tuning...
🔄 Starting final hyperparameter tuning...
🔄 Starting final hyperparameter tuning...
🔄 Starting final hyperparameter tuning...
🔄 Starting final hyperparameter tuning...
🔄 Starting final hyperparameter tuning...
🔄 Starting final hyperparameter tuning...
🔄 Starting final hyperparameter tuning...
🔄 Starting final hyperparameter tuning...
🔄 Starting final hyperparameter tuning...
🔄 Starting final hyperparameter tuning...
🔄 Starting final hyperparameter tuning...
🔄 Starting final hyperparameter tuning...
dir: fernanda_weak, base_model: RandomForestClassifier - dataset_name: electricity - n_features:85
🔄 Starting final hyperparameter tuning...
🔄 Starting final hyperparameter tuning...
🔄 Starting final hyperparameter tuning...
🔄 Starting final hyperparameter tuning...
🔄 Starting final hyperparameter tuning...
🔄 Starting final hyperparameter tuning...
🔄 Starting final hyperparameter tuning...
🔄 Starting final hyperparameter tuning...
🔄 Starting final hyperparameter tuning...
🔄 Starting final hyperparameter tuning...
🔄 Starting final hyperparameter tuning...
🔄 Starting final hyperparameter tuning...
🔄 Starting final hyperparameter tuning...
🔄 Starting final hyperparameter tuning...
🔄 Starting final hyperparameter tuning...
🔄 Starting final hyperparameter tuning...
🔄 Starting final hyperparameter tuning...
🔄 Starting final hyperparameter tuning...
🔄 Starting final hyperparameter tuning...
🔄 Starting final hyperparameter tuning...
🔄 Starting final hyperparameter tuning...
🔄 Starting final hyperparameter tuning...
🔄 Starting final hyperparameter tuning...
🔄 Starting final hyperparameter tuning...
dir: fernanda_weak, base_model: RandomForestClassifier - dataset_name: electricity - n_features:90
🔄 Starting final hyperparameter tuning...
🔄 Starting final hyperparameter tuning...
🔄 Starting final hyperparameter tuning...
🔄 Starting final hyperparameter tuning...
🔄 Starting final hyperparameter tuning...
🔄 Starting final hyperparameter tuning...
🔄 Starting final hyperparameter tuning...
🔄 Starting final hyperparameter tuning...
🔄 Starting final hyperparameter tuning...
🔄 Starting final hyperparameter tuning...
🔄 Starting final hyperparameter tuning...
🔄 Starting final hyperparameter tuning...
🔄 Starting final hyperparameter tuning...
🔄 Starting final hyperparameter tuning...
🔄 Starting final hyperparameter tuning...
🔄 Starting final hyperparameter tuning...
🔄 Starting final hyperparameter tuning...
🔄 Starting final hyperparameter tuning...
🔄 Starting final hyperparameter tuning...
🔄 Starting final hyperparameter tuning...
🔄 Starting final hyperparameter tuning...
🔄 Starting final hyperparameter tuning...
🔄 Starting final hyperparameter tuning...
🔄 Starting final hyperparameter tuning...
dir: fernanda_weak, base_model: RandomForestClassifier - dataset_name: electricity - n_features:95
🔄 Starting final hyperparameter tuning...
🔄 Starting final hyperparameter tuning...
🔄 Starting final hyperparameter tuning...
🔄 Starting final hyperparameter tuning...
🔄 Starting final hyperparameter tuning...
🔄 Starting final hyperparameter tuning...
🔄 Starting final hyperparameter tuning...
🔄 Starting final hyperparameter tuning...
🔄 Starting final hyperparameter tuning...
🔄 Starting final hyperparameter tuning...
🔄 Starting final hyperparameter tuning...
🔄 Starting final hyperparameter tuning...
🔄 Starting final hyperparameter tuning...
🔄 Starting final hyperparameter tuning...
🔄 Starting final hyperparameter tuning...
🔄 Starting final hyperparameter tuning...
🔄 Starting final hyperparameter tuning...
🔄 Starting final hyperparameter tuning...
🔄 Starting final hyperparameter tuning...
🔄 Starting final hyperparameter tuning...
🔄 Starting final hyperparameter tuning...
🔄 Starting final hyperparameter tuning...
🔄 Starting final hyperparameter tuning...
🔄 Starting final hyperparameter tuning...
dir: fernanda_weak, base_model: RandomForestClassifier - dataset_name: electricity - n_features:100
🔄 Starting final hyperparameter tuning...
🔄 Starting final hyperparameter tuning...
🔄 Starting final hyperparameter tuning...
🔄 Starting final hyperparameter tuning...
🔄 Starting final hyperparameter tuning...
🔄 Starting final hyperparameter tuning...
🔄 Starting final hyperparameter tuning...
🔄 Starting final hyperparameter tuning...
🔄 Starting final hyperparameter tuning...
🔄 Starting final hyperparameter tuning...
🔄 Starting final hyperparameter tuning...
🔄 Starting final hyperparameter tuning...
🔄 Starting final hyperparameter tuning...
🔄 Starting final hyperparameter tuning...
🔄 Starting final hyperparameter tuning...
🔄 Starting final hyperparameter tuning...
🔄 Starting final hyperparameter tuning...
🔄 Starting final hyperparameter tuning...
🔄 Starting final hyperparameter tuning...
🔄 Starting final hyperparameter tuning...
🔄 Starting final hyperparameter tuning...
🔄 Starting final hyperparameter tuning...
🔄 Starting final hyperparameter tuning...
🔄 Starting final hyperparameter tuning...
dir: fernanda_weak, base_model: DecisionTreeClassifier - dataset_name: electricity - n_features:5
🔄 Starting final hyperparameter tuning...
🔄 Starting final hyperparameter tuning...
🔄 Starting final hyperparameter tuning...
🔄 Starting final hyperparameter tuning...
🔄 Starting final hyperparameter tuning...
🔄 Starting final hyperparameter tuning...
🔄 Starting final hyperparameter tuning...
🔄 Starting final hyperparameter tuning...
🔄 Starting final hyperparameter tuning...
🔄 Starting final hyperparameter tuning...
🔄 Starting final hyperparameter tuning...
🔄 Starting final hyperparameter tuning...
🔄 Starting final hyperparameter tuning...
🔄 Starting final hyperparameter tuning...
🔄 Starting final hyperparameter tuning...
🔄 Starting final hyperparameter tuning...
🔄 Starting final hyperparameter tuning...
🔄 Starting final hyp🔄 Starting final hy🔄 Starting final hyperparameter tuning...
🔄 Starting final hyperparameter tuning...
🔄 Starting final hyperparameter tuning...
🔄 Starting final hyperparameter tuning...
🔄 Starting final hyperparameter tuning...
🔄 Starting final hyperparameter tuning...
dir: fernanda_weak, base_model: DecisionTreeClassifier - dataset_name: electricity - n_features:10
🔄 Starting final hyperparameter tuning...
🔄 Starting final hyperparameter tuning...
🔄 Starting final hyperparameter tuning...
🔄 Starting final hyperparameter tuning...
🔄 Starting final hyperparameter tuning...
🔄 Starting final hyperparameter tuning...
🔄 Starting final hyperparameter tuning...
🔄 Starting final hyperparameter tuning...
🔄 Starting final hyperparameter tuning...
🔄 Starting final hyperparameter tuning...
🔄 Starting final hyperparameter tuning...
🔄 Starting final hyperparameter tuning...
🔄 Starting final hyperparameter tuning...
🔄 Starting final hyperparameter tuning...
🔄 Starting final hyperparameter tuning...
🔄 Starting final hyperparameter tuning...
🔄 Starting final hyperparameter tuning...
🔄 Starting final hyperparameter tuning...
🔄 Starting final hyperparameter tuning...
🔄 Starting final hyperparameter tuning...
🔄 Starting final hyperparameter tuning...
🔄 Starting final hyperparameter tuning...
🔄 Starting final hyperparameter tuning...
🔄 Starting final hyperparameter tuning...
dir: fernanda_weak, base_model: DecisionTreeClassifier - dataset_name: electricity - n_features:15
🔄 Starting final hyperparameter tuning...
🔄 Starting final hyperparameter tuning...
🔄 Starting final hyperparameter tuning...
🔄 Starting final hyperparameter tuning...
🔄 Starting final hyperparameter tuning...
🔄 Starting final hyperparameter tuning...
🔄 Starting final hyperparameter tuning...
🔄 Starting final hyperparameter tuning...
🔄 Starting final hyperparameter tuning...
🔄 Starting final hyperparameter tuning...
🔄 Starting final hyperparameter tuning...
🔄 Starting final hyperparameter tuning...
🔄 Starting final hyperparameter tuning...
🔄 Starting final hyperparameter tuning...
🔄 Starting final hyperparameter tuning...
🔄 Starting final hyperparameter tuning...
🔄 Starting final hyperparameter tuning...
🔄 Starting final hyperparameter tuning...
🔄 Starting final hyperparameter tuning...
🔄 Starting final hyperparameter tuning...
🔄 Starting final hyperparameter tuning...
🔄 Starting final hyperparameter tuning...
🔄 Starting final hyperparameter tuning...
🔄 Starting final hyperparameter tuning...
dir: fernanda_weak, base_model: DecisionTreeClassifier - dataset_name: electricity - n_features:20
🔄 Starting final hyperparameter tuning...
🔄 Starting final hyperparameter tuning...
🔄 Starting final hyperparameter tuning...
🔄 Starting final hyperparameter tuning...
🔄 Starting final hyperparameter tuning...
🔄 Starting final hyperparameter tuning...
🔄 Starting final hyperparameter tuning...
🔄 Starting final hyperparameter tuning...
🔄 Starting final hyperparameter tuning...
🔄 Starting final hyperparameter tuning...
🔄 Starting final hyperparameter tuning...
🔄 Starting final hyperparameter tuning...
🔄 Starting final hyperparameter tuning...
🔄 Starting final hyperparameter tuning...
🔄 Starting final hyperparameter tuning...
🔄 Starting final hyperparameter tuning...
🔄 Starting final hyperparameter tuning...
🔄 Starting final hyperparameter tuning...
🔄 Starting final hyperparameter tuning...
🔄 Starting final hyperparameter tuning...
🔄 Starting final hyperparameter tuning...
🔄 Starting final hyperparameter tuning...
🔄 Starting final hyperparameter tuning...
🔄 Starting final hyperparameter tuning...
dir: fernanda_weak, base_model: DecisionTreeClassifier - dataset_name: electricity - n_features:25
🔄 Starting final hyperparameter tuning...
🔄 Starting final hyperparameter tuning...
🔄 Starting final hyperparameter tuning...
🔄 Starting final hyperparameter tuning...
🔄 Starting final hyperparameter tuning...
🔄 Starting final hyperparameter tuning...
🔄 Starting final hyperparameter tuning...
🔄 Starting final hyperparameter tuning...
🔄 Starting final hyperparameter tuning...
🔄 Starting final hyperparameter tuning...
🔄 Starting final hyperparameter tuning...
🔄 Starting final hyperparameter tuning...
🔄 Starting final hyperparameter tuning...
🔄 Starting final hyperparameter tuning...
🔄 Starting final hyperparameter tuning...
🔄 Starting final hyperparameter tuning...
🔄 Starting final hyperparameter tuning...
🔄 Starting final hyperparameter tuning...
🔄 Starting final hyperparameter tuning...
🔄 Starting final hyperparameter tuning...
🔄 Starting final hyperparameter tuning...
🔄 Starting final hyperparameter tuning...
🔄 Starting final hyperparameter tuning...
🔄 Starting final hyperparameter tuning...
dir: fernanda_weak, base_model: DecisionTreeClassifier - dataset_name: electricity - n_features:30
🔄 Starting final hyperparameter tuning...
🔄 Starting final hyperparameter tuning...
🔄 Starting final hyperparameter tuning...
🔄 Starting final hyperparameter tuning...
🔄 Starting final hyperparameter tuning...
🔄 Starting final hyperparameter tuning...
🔄 Starting final hyperparameter tuning...
🔄 Starting final hyperparameter tuning...
🔄 Starting final hyperparameter tuning...
🔄 Starting final hyperparameter tuning...
🔄 Starting final hyperparameter tuning...
🔄 Starting final hyperparameter tuning...
🔄 Starting final hyperparameter tuning...
🔄 Starting final hyperparameter tuning...
🔄 Starting final hyperparameter tuning...
🔄 Starting final hyperparameter tuning...
🔄 Starting final hyperparameter tuning...
🔄 Starting final hyperparameter tuning...
🔄 Starting final hyperparameter tuning...
🔄 Starting final hyperparameter tuning...
🔄 Starting final hyperparameter tuning...
🔄 Starting final hyperparameter tuning...
🔄 Starting final hyperparameter tuning...
🔄 Starting final hyperparameter tuning...
dir: fernanda_weak, base_model: DecisionTreeClassifier - dataset_name: electricity - n_features:35
🔄 Starting final hyperparameter tuning...
🔄 Starting final hyperparameter tuning...
🔄 Starting final hyperparameter tuning...
🔄 Starting final hyperparameter tuning...
🔄 Starting final hyperparameter tuning...
🔄 Starting final hyperparameter tuning...
🔄 Starting final hyperparameter tuning...
🔄 Starting final hyperparameter tuning...
🔄 Starting final hyperparameter tuning...
🔄 Starting final hyperparameter tuning...
🔄 Starting final hyperparameter tuning...
🔄 Starting final hyperparameter tuning...
🔄 Starting final hyperparameter tuning...
🔄 Starting final hyperparameter tuning...
🔄 Starting final hyperparameter tuning...
🔄 Starting final hyperparameter tuning...
🔄 Starting final hyperparameter tuning...
🔄 Starting final hyperparameter tuning...
🔄 Starting final hyperparameter tuning...
🔄 Starting final hyperparameter tuning...
🔄 Starting final hyperparameter tuning...
🔄 Starting final hyperparameter tuning...
🔄 Starting final hyperparameter tuning...
🔄 Starting final hyperparameter tuning...
dir: fernanda_weak, base_model: DecisionTreeClassifier - dataset_name: electricity - n_features:40
🔄 Starting final hyperparameter tuning...
🔄 Starting final hyperparameter tuning...
🔄 Starting final hyperparameter tuning...
🔄 Starting final hyperparameter tuning...
🔄 Starting final hyperparameter tuning...
🔄 Starting final hyperparameter tuning...
🔄 Starting final hyperparameter tuning...
🔄 Starting final hyperparameter tuning...
🔄 Starting final hyperparameter tuning...
🔄 Starting final hyperparameter tuning...
🔄 Starting final hyperparameter tuning...
🔄 Starting final hyperparameter tuning...
🔄 Starting final hyperparameter tuning...
🔄 Starting final hyperparameter tuning...
🔄 Starting final hyperparameter tuning...
🔄 Starting final hyp🔄 Starting final hy🔄 Starting final hyperparameter tuning...
🔄 Starting final hyperparameter tuning...
🔄 Starting final hyperparameter tuning...
🔄 Starting final hyperparameter tuning...
🔄 Starting final hyperparameter tuning...
🔄 Starting final hyperparameter tuning...
🔄 Starting final hyperparameter tuning...
🔄 Starting final hyperparameter tuning...
dir: fernanda_weak, base_model: DecisionTreeClassifier - dataset_name: electricity - n_features:45
🔄 Starting final hyperparameter tuning...
🔄 Starting final hyperparameter tuning...
🔄 Starting final hyperparameter tuning...
🔄 Starting final hyperparameter tuning...
🔄 Starting final hyperparameter tuning...
🔄 Starting final hyperparameter tuning...
🔄 Starting final hyperparameter tuning...
🔄 Starting final hyperparameter tuning...
🔄 Starting final hyperparameter tuning...
🔄 Starting final hyperparameter tuning...
🔄 Starting final hyperparameter tuning...
🔄 Starting final hyperparameter tuning...
🔄 Starting final hyperparameter tuning...
🔄 Starting final hyperparameter tuning...
🔄 Starting final hyperparameter tuning...
🔄 Starting final hyperparameter tuning...
🔄 Starting final hyperparameter tuning...
🔄 Starting final hyperparameter tuning...
🔄 Starting final hyperparameter tuning...
🔄 Starting final hyperparameter tuning...
🔄 Starting final hyperparameter tuning...
🔄 Starting final hyperparameter tuning...
🔄 Starting final hyperparameter tuning...
🔄 Starting final hyperparameter tuning...
dir: fernanda_weak, base_model: DecisionTreeClassifier - dataset_name: electricity - n_features:50
🔄 Starting final hyperparameter tuning...
🔄 Starting final hyperparameter tuning...
🔄 Starting final hyperparameter tuning...
🔄 Starting final hyperparameter tuning...
🔄 Starting final hyperparameter tuning...
🔄 Starting final hyperparameter tuning...
🔄 Starting final hyperparameter tuning...
🔄 Starting final hyperparameter tuning...
🔄 Starting final hyperparameter tuning...
🔄 Starting final hyperparameter tuning...
🔄 Starting final hyperparameter tuning...
🔄 Starting final hyperparameter tuning...
🔄 Starting final hyperparameter tuning...
🔄 Starting final hyperparameter tuning...
🔄 Starting final hyperparameter tuning...
🔄 Starting final hyperparameter tuning...
🔄 Starting final hyperparameter tuning...
🔄 Starting final hyperparameter tuning...
🔄 Starting final hyperparameter tuning...
🔄 Starting final hyperparameter tuning...
🔄 Starting final hyperparameter tuning...
🔄 Starting final hyperparameter tuning...
🔄 Starting final hyperparameter tuning...
🔄 Starting final hyperparameter tuning...
dir: fernanda_weak, base_model: DecisionTreeClassifier - dataset_name: electricity - n_features:55
🔄 Starting final hyperparameter tuning...
🔄 Starting final hyperparameter tuning...
🔄 Starting final hyperparameter tuning...
🔄 Starting final hyperparameter tuning...
🔄 Starting final hyperparameter tuning...
🔄 Starting final hyperparameter tuning...
🔄 Starting final hyperparameter tuning...
🔄 Starting final hyperparameter tuning...
🔄 Starting final hyperparameter tuning...
🔄 Starting final hyperparameter tuning...
🔄 Starting final hyperparameter tuning...
🔄 Starting final hyperparameter tuning...
🔄 Starting final hyperparameter tuning...
🔄 Starting final hyperparameter tuning...
🔄 Starting final hyperparameter tuning...
🔄 Starting final hyperparameter tuning...
🔄 Starting final hyperparameter tuning...
🔄 Starting final hyperparameter tuning...
🔄 Starting final hyperparameter tuning...
🔄 Starting final hyperparameter tuning...
🔄 Starting final hyperparameter tuning...
🔄 Starting final hyperparameter tuning...
🔄 Starting final hyperparameter tuning...
🔄 Starting final hyperparameter tuning...
dir: fernanda_weak, base_model: DecisionTreeClassifier - dataset_name: electricity - n_features:60
🔄 Starting final hyperparameter tuning...
🔄 Starting final hyperparameter tuning...
🔄 Starting final hyperparameter tuning...
🔄 Starting final hyperparameter tuning...
🔄 Starting final hyperparameter tuning...
🔄 Starting final hyperparameter tuning...
🔄 Starting final hyperparameter tuning...
🔄 Starting final hyperparameter tuning...
🔄 Starting final hyperparameter tuning...
🔄 Starting final hyperparameter tuning...
🔄 Starting final hyperparameter tuning...
🔄 Starting final hyperparameter tuning...
🔄 Starting final hyperparameter tuning...
🔄 Starting final hyperparameter tuning...
🔄 Starting final hyperparameter tuning...
🔄 Starting final hyperparameter tuning...
🔄 Starting final hyperparameter tuning...
🔄 Starting final hyperparameter tuning...
🔄 Starting final hyperparameter tuning...
🔄 Starting final hyperparameter tuning...
🔄 Starting final hyperparameter tuning...
🔄 Starting final hyperparameter tuning...
🔄 Starting final hyperparameter tuning...
🔄 Starting final hyperparameter tuning...
dir: fernanda_weak, base_model: DecisionTreeClassifier - dataset_name: electricity - n_features:65
🔄 Starting final hyperparameter tuning...
🔄 Starting final hyperparameter tuning...
🔄 Starting final hyperparameter tuning...
🔄 Starting final hyperparameter tuning...
🔄 Starting final hyperparameter tuning...
🔄 Starting final hyperparameter tuning...
🔄 Starting final hyperparameter tuning...
🔄 Starting final hyperparameter tuning...
🔄 Starting final hyperparameter tuning...
🔄 Starting final hyperparameter tuning...
🔄 Starting final hyperparameter tuning...
🔄 Starting final hyperparameter tuning...
🔄 Starting final hyperparameter tuning...
🔄 Starting final hyperparameter tuning...
🔄 Starting final hyperparameter tuning...
🔄 Starting final hyperparameter tuning...
🔄 Starting final hyperparameter tuning...
🔄 Starting final hyperparameter tuning...
🔄 Starting final hyperparameter tuning...
🔄 Starting final hyperparameter tuning...
🔄 Starting final hyperparameter tuning...
🔄 Starting final hyperparameter tuning...
🔄 Starting final hyperparameter tuning...
🔄 Starting final hyperparameter tuning...
dir: fernanda_weak, base_model: DecisionTreeClassifier - dataset_name: electricity - n_features:70
🔄 Starting final hyperparameter tuning...
🔄 Starting final hyperparameter tuning...
🔄 Starting final hyperparameter tuning...
🔄 Starting final hyperparameter tuning...
🔄 Starting final hyperparameter tuning...
🔄 Starting final hyperparameter tuning...
🔄 Starting final hyperparameter tuning...
🔄 Starting final hyperparameter tuning...
🔄 Starting final hyperparameter tuning...
🔄 Starting final hyperparameter tuning...
🔄 Starting final hyperparameter tuning...
🔄 Starting final hyperparameter tuning...
🔄 Starting final hyperparameter tuning...
🔄 Starting final hyperparameter tuning...
🔄 Starting final hyperparameter tuning...
🔄 Starting final hyperparameter tuning...
🔄 Starting final hyperparameter tuning...
🔄 Starting final hyperparameter tuning...
🔄 Starting final hyperparameter tuning...
🔄 Starting final hyperparameter tuning...
🔄 Starting final hyperparameter tuning...
🔄 Starting final hyperparameter tuning...
🔄 Starting final hyperparameter tuning...
🔄 Starting final hyperparameter tuning...
dir: fernanda_weak, base_model: DecisionTreeClassifier - dataset_name: electricity - n_features:75
🔄 Starting final hyperparameter tuning...
🔄 Starting final hyperparameter tuning...
🔄 Starting final hyperparameter tuning...
🔄 Starting final hyperparameter tuning...
🔄 Starting final hyperparameter tuning...
🔄 Starting final hyperparameter tuning...
🔄 Starting final hyperparameter tuning...
🔄 Starting final hyperparameter tuning...
🔄 Starting final hyperparameter tuning...
🔄 Starting final hyperparameter tuning...
🔄 Starting final hyperparameter tuning...
🔄 Starting final hyperparameter tuning...
🔄 Starting final hyperparameter tuning...
🔄 Starting final hyp🔄 Starting final hy🔄 Starting final hyperparameter tuning...
🔄 Starting final hyperparameter tuning...
🔄 Starting final hyperparameter tuning...
🔄 Starting final hyperparameter tuning...
🔄 Starting final hyperparameter tuning...
🔄 Starting final hyperparameter tuning...
🔄 Starting final hyperparameter tuning...
🔄 Starting final hyperparameter tuning...
🔄 Starting final hyperparameter tuning...
🔄 Starting final hyperparameter tuning...
dir: fernanda_weak, base_model: DecisionTreeClassifier - dataset_name: electricity - n_features:80
🔄 Starting final hyperparameter tuning...
🔄 Starting final hyperparameter tuning...
🔄 Starting final hyperparameter tuning...
🔄 Starting final hyperparameter tuning...
🔄 Starting final hyperparameter tuning...
🔄 Starting final hyperparameter tuning...
🔄 Starting final hyperparameter tuning...
🔄 Starting final hyperparameter tuning...
🔄 Starting final hyperparameter tuning...
🔄 Starting final hyperparameter tuning...
🔄 Starting final hyperparameter tuning...
🔄 Starting final hyperparameter tuning...
🔄 Starting final hyperparameter tuning...
🔄 Starting final hyperparameter tuning...
🔄 Starting final hyperparameter tuning...
🔄 Starting final hyperparameter tuning...
🔄 Starting final hyperparameter tuning...
🔄 Starting final hyperparameter tuning...
🔄 Starting final hyperparameter tuning...
🔄 Starting final hyperparameter tuning...
🔄 Starting final hyperparameter tuning...
🔄 Starting final hyperparameter tuning...
🔄 Starting final hyperparameter tuning...
🔄 Starting final hyperparameter tuning...
dir: fernanda_weak, base_model: DecisionTreeClassifier - dataset_name: electricity - n_features:85
🔄 Starting final hyperparameter tuning...
🔄 Starting final hyperparameter tuning...
🔄 Starting final hyperparameter tuning...
🔄 Starting final hyperparameter tuning...
🔄 Starting final hyperparameter tuning...
🔄 Starting final hyperparameter tuning...
🔄 Starting final hyperparameter tuning...
🔄 Starting final hyperparameter tuning...
🔄 Starting final hyperparameter tuning...
🔄 Starting final hyperparameter tuning...
🔄 Starting final hyperparameter tuning...
🔄 Starting final hyperparameter tuning...
🔄 Starting final hyperparameter tuning...
🔄 Starting final hyperparameter tuning...
🔄 Starting final hyperparameter tuning...
🔄 Starting final hyperparameter tuning...
🔄 Starting final hyperparameter tuning...
🔄 Starting final hyperparameter tuning...
🔄 Starting final hyperparameter tuning...
🔄 Starting final hyperparameter tuning...
🔄 Starting final hyperparameter tuning...
🔄 Starting final hyperparameter tuning...
🔄 Starting final hyperparameter tuning...
🔄 Starting final hyperparameter tuning...
dir: fernanda_weak, base_model: DecisionTreeClassifier - dataset_name: electricity - n_features:90
🔄 Starting final hyperparameter tuning...
🔄 Starting final hyperparameter tuning...
🔄 Starting final hyperparameter tuning...
🔄 Starting final hyperparameter tuning...
🔄 Starting final hyperparameter tuning...
🔄 Starting final hyperparameter tuning...
🔄 Starting final hyperparameter tuning...
🔄 Starting final hyperparameter tuning...
🔄 Starting final hyperparameter tuning...
🔄 Starting final hyperparameter tuning...
🔄 Starting final hyperparameter tuning...
🔄 Starting final hyperparameter tuning...
🔄 Starting final hyperparameter tuning...
🔄 Starting final hyperparameter tuning...
🔄 Starting final hyperparameter tuning...
🔄 Starting final hyperparameter tuning...
🔄 Starting final hyperparameter tuning...
🔄 Starting final hyperparameter tuning...
🔄 Starting final hyperparameter tuning...
🔄 Starting final hyperparameter tuning...
🔄 Starting final hyperparameter tuning...
🔄 Starting final hyperparameter tuning...
🔄 Starting final hyperparameter tuning...
🔄 Starting final hyperparameter tuning...
dir: fernanda_weak, base_model: DecisionTreeClassifier - dataset_name: electricity - n_features:95
🔄 Starting final hyperparameter tuning...
🔄 Starting final hyperparameter tuning...
🔄 Starting final hyperparameter tuning...
🔄 Starting final hyperparameter tuning...
🔄 Starting final hyperparameter tuning...
🔄 Starting final hyperparameter tuning...
🔄 Starting final hyperparameter tuning...
🔄 Starting final hyperparameter tuning...
🔄 Starting final hyperparameter tuning...
🔄 Starting final hyperparameter tuning...
🔄 Starting final hyperparameter tuning...
🔄 Starting final hyperparameter tuning...
🔄 Starting final hyperparameter tuning...
🔄 Starting final hyperparameter tuning...
🔄 Starting final hyperparameter tuning...
🔄 Starting final hyperparameter tuning...
🔄 Starting final hyperparameter tuning...
🔄 Starting final hyperparameter tuning...
🔄 Starting final hyperparameter tuning...
🔄 Starting final hyperparameter tuning...
🔄 Starting final hyperparameter tuning...
🔄 Starting final hyperparameter tuning...
🔄 Starting final hyperparameter tuning...
🔄 Starting final hyperparameter tuning...
dir: fernanda_weak, base_model: DecisionTreeClassifier - dataset_name: electricity - n_features:100
🔄 Starting final hyperparameter tuning...
🔄 Starting final hyperparameter tuning...
🔄 Starting final hyperparameter tuning...
🔄 Starting final hyperparameter tuning...
🔄 Starting final hyperparameter tuning...
🔄 Starting final hyperparameter tuning...
🔄 Starting final hyperparameter tuning...
🔄 Starting final hyperparameter tuning...
🔄 Starting final hyperparameter tuning...
🔄 Starting final hyperparameter tuning...
🔄 Starting final hyperparameter tuning...
🔄 Starting final hyperparameter tuning...
🔄 Starting final hyperparameter tuning...
🔄 Starting final hyperparameter tuning...
🔄 Starting final hyperparameter tuning...
🔄 Starting final hyperparameter tuning...
🔄 Starting final hyperparameter tuning...
🔄 Starting final hyperparameter tuning...
🔄 Starting final hyperparameter tuning...
🔄 Starting final hyperparameter tuning...
🔄 Starting final hyperparameter tuning...
🔄 Starting final hyperparameter tuning...
🔄 Starting final hyperparameter tuning...
🔄 Starting final hyperparameter tuning...
dir: fernanda_weak, base_model: LogisticRegression - dataset_name: electricity - n_features:5
🔄 Starting final hyperparameter tuning...
🔄 Starting final hyperparameter tuning...
🔄 Starting final hyperparameter tuning...
🔄 Starting final hyperparameter tuning...
🔄 Starting final hyperparameter tuning...
🔄 Starting final hyperparameter tuning...
🔄 Starting final hyperparameter tuning...
🔄 Starting final hyperparameter tuning...
🔄 Starting final hyperparameter tuning...
🔄 Starting final hyperparameter tuning...
🔄 Starting final hyperparameter tuning...
🔄 Starting final hyperparameter tuning...
🔄 Starting final hyperparameter tuning...
🔄 Starting final hyperparameter tuning...
🔄 Starting final hyperparameter tuning...
🔄 Starting final hyperparameter tuning...
🔄 Starting final hyperparameter tuning...
🔄 Starting final hyperparameter tuning...
🔄 Starting final hyperparameter tuning...
🔄 Starting final hyperparameter tuning...
🔄 Starting final hyperparameter tuning...
🔄 Starting final hyperparameter tuning...
🔄 Starting final hyperparameter tuning...
🔄 Starting final hyperparameter tuning...
dir: fernanda_weak, base_model: LogisticRegression - dataset_name: electricity - n_features:10
🔄 Starting final hyperparameter tuning...
🔄 Starting final hyperparameter tuning...
🔄 Starting final hyperparameter tuning...
🔄 Starting final hyperparameter tuning...
🔄 Starting final hyperparameter tuning...
🔄 Starting final hyperparameter tuning...
🔄 Starting final hyperparameter tuning...
🔄 Starting final hyperparameter tuning...
🔄 Starting final hyperparameter tuning...
🔄 Starting final hyperparameter tuning...
🔄 Starting final hyperparameter tuning...
🔄 Starting final hyp🔄 Starting final hy🔄 Starting final hyperparameter tuning...
🔄 Starting final hyperparameter tuning...
🔄 Starting final hyperparameter tuning...
🔄 Starting final hyperparameter tuning...
🔄 Starting final hyperparameter tuning...
🔄 Starting final hyperparameter tuning...
🔄 Starting final hyperparameter tuning...
🔄 Starting final hyperparameter tuning...
🔄 Starting final hyperparameter tuning...
🔄 Starting final hyperparameter tuning...
🔄 Starting final hyperparameter tuning...
🔄 Starting final hyperparameter tuning...
dir: fernanda_weak, base_model: LogisticRegression - dataset_name: electricity - n_features:15
🔄 Starting final hyperparameter tuning...
🔄 Starting final hyperparameter tuning...
🔄 Starting final hyperparameter tuning...
🔄 Starting final hyperparameter tuning...
🔄 Starting final hyperparameter tuning...
🔄 Starting final hyperparameter tuning...
🔄 Starting final hyperparameter tuning...
🔄 Starting final hyperparameter tuning...
🔄 Starting final hyperparameter tuning...
🔄 Starting final hyperparameter tuning...
🔄 Starting final hyperparameter tuning...
🔄 Starting final hyperparameter tuning...
🔄 Starting final hyperparameter tuning...
🔄 Starting final hyperparameter tuning...
🔄 Starting final hyperparameter tuning...
🔄 Starting final hyperparameter tuning...
🔄 Starting final hyperparameter tuning...
🔄 Starting final hyperparameter tuning...
🔄 Starting final hyperparameter tuning...
🔄 Starting final hyperparameter tuning...
🔄 Starting final hyperparameter tuning...
🔄 Starting final hyperparameter tuning...
🔄 Starting final hyperparameter tuning...
🔄 Starting final hyperparameter tuning...
dir: fernanda_weak, base_model: LogisticRegression - dataset_name: electricity - n_features:20
🔄 Starting final hyperparameter tuning...
🔄 Starting final hyperparameter tuning...
🔄 Starting final hyperparameter tuning...
🔄 Starting final hyperparameter tuning...
🔄 Starting final hyperparameter tuning...
🔄 Starting final hyperparameter tuning...
🔄 Starting final hyperparameter tuning...
🔄 Starting final hyperparameter tuning...
🔄 Starting final hyperparameter tuning...
🔄 Starting final hyperparameter tuning...
🔄 Starting final hyperparameter tuning...
🔄 Starting final hyperparameter tuning...
🔄 Starting final hyperparameter tuning...
🔄 Starting final hyperparameter tuning...
🔄 Starting final hyperparameter tuning...
🔄 Starting final hyperparameter tuning...
🔄 Starting final hyperparameter tuning...
🔄 Starting final hyperparameter tuning...
🔄 Starting final hyperparameter tuning...
🔄 Starting final hyperparameter tuning...
🔄 Starting final hyperparameter tuning...
🔄 Starting final hyperparameter tuning...
🔄 Starting final hyperparameter tuning...
🔄 Starting final hyperparameter tuning...
dir: fernanda_weak, base_model: LogisticRegression - dataset_name: electricity - n_features:25
🔄 Starting final hyperparameter tuning...
🔄 Starting final hyperparameter tuning...
🔄 Starting final hyperparameter tuning...
🔄 Starting final hyperparameter tuning...
🔄 Starting final hyperparameter tuning...
🔄 Starting final hyperparameter tuning...
🔄 Starting final hyperparameter tuning...
🔄 Starting final hyperparameter tuning...
🔄 Starting final hyperparameter tuning...
🔄 Starting final hyperparameter tuning...
🔄 Starting final hyperparameter tuning...
🔄 Starting final hyperparameter tuning...
🔄 Starting final hyperparameter tuning...
🔄 Starting final hyperparameter tuning...
🔄 Starting final hyperparameter tuning...
🔄 Starting final hyperparameter tuning...
🔄 Starting final hyperparameter tuning...
🔄 Starting final hyperparameter tuning...
🔄 Starting final hyperparameter tuning...
🔄 Starting final hyperparameter tuning...
🔄 Starting final hyperparameter tuning...
🔄 Starting final hyperparameter tuning...
🔄 Starting final hyperparameter tuning...
🔄 Starting final hyperparameter tuning...
dir: fernanda_weak, base_model: LogisticRegression - dataset_name: electricity - n_features:30
🔄 Starting final hyperparameter tuning...
🔄 Starting final hyperparameter tuning...
🔄 Starting final hyperparameter tuning...
🔄 Starting final hyperparameter tuning...
🔄 Starting final hyperparameter tuning...
🔄 Starting final hyperparameter tuning...
🔄 Starting final hyperparameter tuning...
🔄 Starting final hyperparameter tuning...
🔄 Starting final hyperparameter tuning...
🔄 Starting final hyperparameter tuning...
🔄 Starting final hyperparameter tuning...
🔄 Starting final hyperparameter tuning...
🔄 Starting final hyperparameter tuning...
🔄 Starting final hyperparameter tuning...
🔄 Starting final hyperparameter tuning...
🔄 Starting final hyperparameter tuning...
🔄 Starting final hyperparameter tuning...
🔄 Starting final hyperparameter tuning...
🔄 Starting final hyperparameter tuning...
🔄 Starting final hyperparameter tuning...
🔄 Starting final hyperparameter tuning...
🔄 Starting final hyperparameter tuning...
🔄 Starting final hyperparameter tuning...
🔄 Starting final hyperparameter tuning...
dir: fernanda_weak, base_model: LogisticRegression - dataset_name: electricity - n_features:35
🔄 Starting final hyperparameter tuning...
🔄 Starting final hyperparameter tuning...
🔄 Starting final hyperparameter tuning...
🔄 Starting final hyperparameter tuning...
🔄 Starting final hyperparameter tuning...
🔄 Starting final hyperparameter tuning...
🔄 Starting final hyperparameter tuning...
🔄 Starting final hyperparameter tuning...
🔄 Starting final hyperparameter tuning...
🔄 Starting final hyperparameter tuning...
🔄 Starting final hyperparameter tuning...
🔄 Starting final hyperparameter tuning...
🔄 Starting final hyperparameter tuning...
🔄 Starting final hyperparameter tuning...
🔄 Starting final hyperparameter tuning...
🔄 Starting final hyperparameter tuning...
🔄 Starting final hyperparameter tuning...
🔄 Starting final hyperparameter tuning...
🔄 Starting final hyperparameter tuning...
🔄 Starting final hyperparameter tuning...
🔄 Starting final hyperparameter tuning...
🔄 Starting final hyperparameter tuning...
🔄 Starting final hyperparameter tuning...
🔄 Starting final hyperparameter tuning...
dir: fernanda_weak, base_model: LogisticRegression - dataset_name: electricity - n_features:40
🔄 Starting final hyperparameter tuning...
🔄 Starting final hyperparameter tuning...
🔄 Starting final hyperparameter tuning...
🔄 Starting final hyperparameter tuning...
🔄 Starting final hyperparameter tuning...
🔄 Starting final hyperparameter tuning...
🔄 Starting final hyperparameter tuning...
🔄 Starting final hyperparameter tuning...
🔄 Starting final hyperparameter tuning...
🔄 Starting final hyperparameter tuning...
🔄 Starting final hyperparameter tuning...
🔄 Starting final hyperparameter tuning...
🔄 Starting final hyperparameter tuning...
🔄 Starting final hyperparameter tuning...
🔄 Starting final hyperparameter tuning...
🔄 Starting final hyperparameter tuning...
🔄 Starting final hyperparameter tuning...
🔄 Starting final hyperparameter tuning...
🔄 Starting final hyperparameter tuning...
🔄 Starting final hyperparameter tuning...
🔄 Starting final hyperparameter tuning...
🔄 Starting final hyperparameter tuning...
🔄 Starting final hyperparameter tuning...
🔄 Starting final hyperparameter tuning...
dir: fernanda_weak, base_model: LogisticRegression - dataset_name: electricity - n_features:45
🔄 Starting final hyperparameter tuning...
🔄 Starting final hyperparameter tuning...
🔄 Starting final hyperparameter tuning...
🔄 Starting final hyperparameter tuning...
🔄 Starting final hyperparameter tuning...
🔄 Starting final hyperparameter tuning...
🔄 Starting final hyperparameter tuning...
🔄 Starting final hyperparameter tuning...
🔄 Starting final hyperparameter tuning...
🔄 Starting final hyperparameter tuning...
🔄 Starting final hyp🔄 Starting final hy🔄 Starting final hyperparameter tuning...
🔄 Starting final hyperparameter tuning...
🔄 Starting final hyperparameter tuning...
🔄 Starting final hyperparameter tuning...
🔄 Starting final hyperparameter tuning...
🔄 Starting final hyperparameter tuning...
🔄 Starting final hyperparameter tuning...
🔄 Starting final hyperparameter tuning...
🔄 Starting final hyperparameter tuning...
🔄 Starting final hyperparameter tuning...
🔄 Starting final hyperparameter tuning...
🔄 Starting final hyperparameter tuning...
🔄 Starting final hyperparameter tuning...
dir: fernanda_weak, base_model: LogisticRegression - dataset_name: electricity - n_features:50
🔄 Starting final hyperparameter tuning...
🔄 Starting final hyperparameter tuning...
🔄 Starting final hyperparameter tuning...
🔄 Starting final hyperparameter tuning...
🔄 Starting final hyperparameter tuning...
🔄 Starting final hyperparameter tuning...
🔄 Starting final hyperparameter tuning...
🔄 Starting final hyperparameter tuning...
🔄 Starting final hyperparameter tuning...
🔄 Starting final hyperparameter tuning...
🔄 Starting final hyperparameter tuning...
🔄 Starting final hyperparameter tuning...
🔄 Starting final hyperparameter tuning...
🔄 Starting final hyperparameter tuning...
🔄 Starting final hyperparameter tuning...
🔄 Starting final hyperparameter tuning...
🔄 Starting final hyperparameter tuning...
🔄 Starting final hyperparameter tuning...
🔄 Starting final hyperparameter tuning...
🔄 Starting final hyperparameter tuning...
🔄 Starting final hyperparameter tuning...
🔄 Starting final hyperparameter tuning...
🔄 Starting final hyperparameter tuning...
🔄 Starting final hyperparameter tuning...
dir: fernanda_weak, base_model: LogisticRegression - dataset_name: electricity - n_features:55
🔄 Starting final hyperparameter tuning...
🔄 Starting final hyperparameter tuning...
🔄 Starting final hyperparameter tuning...
🔄 Starting final hyperparameter tuning...
🔄 Starting final hyperparameter tuning...
🔄 Starting final hyperparameter tuning...
🔄 Starting final hyperparameter tuning...
🔄 Starting final hyperparameter tuning...
🔄 Starting final hyperparameter tuning...
🔄 Starting final hyperparameter tuning...
🔄 Starting final hyperparameter tuning...
🔄 Starting final hyperparameter tuning...
🔄 Starting final hyperparameter tuning...
🔄 Starting final hyperparameter tuning...
🔄 Starting final hyperparameter tuning...
🔄 Starting final hyperparameter tuning...
🔄 Starting final hyperparameter tuning...
🔄 Starting final hyperparameter tuning...
🔄 Starting final hyperparameter tuning...
🔄 Starting final hyperparameter tuning...
🔄 Starting final hyperparameter tuning...
🔄 Starting final hyperparameter tuning...
🔄 Starting final hyperparameter tuning...
🔄 Starting final hyperparameter tuning...
dir: fernanda_weak, base_model: LogisticRegression - dataset_name: electricity - n_features:60
🔄 Starting final hyperparameter tuning...
🔄 Starting final hyperparameter tuning...
🔄 Starting final hyperparameter tuning...
🔄 Starting final hyperparameter tuning...
🔄 Starting final hyperparameter tuning...
🔄 Starting final hyperparameter tuning...
🔄 Starting final hyperparameter tuning...
🔄 Starting final hyperparameter tuning...
🔄 Starting final hyperparameter tuning...
🔄 Starting final hyperparameter tuning...
🔄 Starting final hyperparameter tuning...
🔄 Starting final hyperparameter tuning...
🔄 Starting final hyperparameter tuning...
🔄 Starting final hyperparameter tuning...
🔄 Starting final hyperparameter tuning...
🔄 Starting final hyperparameter tuning...
🔄 Starting final hyperparameter tuning...
🔄 Starting final hyperparameter tuning...
🔄 Starting final hyperparameter tuning...
🔄 Starting final hyperparameter tuning...
🔄 Starting final hyperparameter tuning...
🔄 Starting final hyperparameter tuning...
🔄 Starting final hyperparameter tuning...
🔄 Starting final hyperparameter tuning...
dir: fernanda_weak, base_model: LogisticRegression - dataset_name: electricity - n_features:65
🔄 Starting final hyperparameter tuning...
🔄 Starting final hyperparameter tuning...
🔄 Starting final hyperparameter tuning...
🔄 Starting final hyperparameter tuning...
🔄 Starting final hyperparameter tuning...
🔄 Starting final hyperparameter tuning...
🔄 Starting final hyperparameter tuning...
🔄 Starting final hyperparameter tuning...
🔄 Starting final hyperparameter tuning...
🔄 Starting final hyperparameter tuning...
🔄 Starting final hyperparameter tuning...
🔄 Starting final hyperparameter tuning...
🔄 Starting final hyperparameter tuning...
🔄 Starting final hyperparameter tuning...
🔄 Starting final hyperparameter tuning...
🔄 Starting final hyperparameter tuning...
🔄 Starting final hyperparameter tuning...
🔄 Starting final hyperparameter tuning...
🔄 Starting final hyperparameter tuning...
🔄 Starting final hyperparameter tuning...
🔄 Starting final hyperparameter tuning...
🔄 Starting final hyperparameter tuning...
🔄 Starting final hyperparameter tuning...
🔄 Starting final hyperparameter tuning...
dir: fernanda_weak, base_model: LogisticRegression - dataset_name: electricity - n_features:70
🔄 Starting final hyperparameter tuning...
🔄 Starting final hyperparameter tuning...
🔄 Starting final hyperparameter tuning...
🔄 Starting final hyperparameter tuning...
🔄 Starting final hyperparameter tuning...
🔄 Starting final hyperparameter tuning...
🔄 Starting final hyperparameter tuning...
🔄 Starting final hyperparameter tuning...
🔄 Starting final hyperparameter tuning...
🔄 Starting final hyperparameter tuning...
🔄 Starting final hyperparameter tuning...
🔄 Starting final hyperparameter tuning...
🔄 Starting final hyperparameter tuning...
🔄 Starting final hyperparameter tuning...
🔄 Starting final hyperparameter tuning...
🔄 Starting final hyperparameter tuning...
🔄 Starting final hyperparameter tuning...
🔄 Starting final hyperparameter tuning...
🔄 Starting final hyperparameter tuning...
🔄 Starting final hyperparameter tuning...
🔄 Starting final hyperparameter tuning...
🔄 Starting final hyperparameter tuning...
🔄 Starting final hyperparameter tuning...
🔄 Starting final hyperparameter tuning...
dir: fernanda_weak, base_model: LogisticRegression - dataset_name: electricity - n_features:75
🔄 Starting final hyperparameter tuning...
🔄 Starting final hyperparameter tuning...
🔄 Starting final hyperparameter tuning...
🔄 Starting final hyperparameter tuning...
🔄 Starting final hyperparameter tuning...
🔄 Starting final hyperparameter tuning...
🔄 Starting final hyperparameter tuning...
🔄 Starting final hyperparameter tuning...
🔄 Starting final hyperparameter tuning...
🔄 Starting final hyperparameter tuning...
🔄 Starting final hyperparameter tuning...
🔄 Starting final hyperparameter tuning...
🔄 Starting final hyperparameter tuning...
🔄 Starting final hyperparameter tuning...
🔄 Starting final hyperparameter tuning...
🔄 Starting final hyperparameter tuning...
🔄 Starting final hyperparameter tuning...
🔄 Starting final hyperparameter tuning...
🔄 Starting final hyperparameter tuning...
🔄 Starting final hyperparameter tuning...
🔄 Starting final hyperparameter tuning...
🔄 Starting final hyperparameter tuning...
🔄 Starting final hyperparameter tuning...
🔄 Starting final hyperparameter tuning...
dir: fernanda_weak, base_model: LogisticRegression - dataset_name: electricity - n_features:80
🔄 Starting final hyperparameter tuning...
🔄 Starting final hyperparameter tuning...
🔄 Starting final hyperparameter tuning...
🔄 Starting final hyperparameter tuning...
🔄 Starting final hyperparameter tuning...
🔄 Starting final hyperparameter tuning...
🔄 Starting final hyperparameter tuning...
🔄 Starting final hyperparameter tuning...
🔄 Starting final hyperparameter tuning...
🔄 Starting final hyp🔄 Starting final hy🔄 Starting final hyperparameter tuning...
🔄 Starting final hyperparameter tuning...
🔄 Starting final hyperparameter tuning...
🔄 Starting final hyperparameter tuning...
🔄 Starting final hyperparameter tuning...
🔄 Starting final hyperparameter tuning...
🔄 Starting final hyperparameter tuning...
🔄 Starting final hyperparameter tuning...
🔄 Starting final hyperparameter tuning...
🔄 Starting final hyperparameter tuning...
🔄 Starting final hyperparameter tuning...
🔄 Starting final hyperparameter tuning...
🔄 Starting final hyperparameter tuning...
🔄 Starting final hyperparameter tuning...
dir: fernanda_weak, base_model: LogisticRegression - dataset_name: electricity - n_features:85
🔄 Starting final hyperparameter tuning...
🔄 Starting final hyperparameter tuning...
🔄 Starting final hyperparameter tuning...
🔄 Starting final hyperparameter tuning...
🔄 Starting final hyperparameter tuning...
🔄 Starting final hyperparameter tuning...
🔄 Starting final hyperparameter tuning...
🔄 Starting final hyperparameter tuning...
🔄 Starting final hyperparameter tuning...
🔄 Starting final hyperparameter tuning...
🔄 Starting final hyperparameter tuning...
🔄 Starting final hyperparameter tuning...
🔄 Starting final hyperparameter tuning...
🔄 Starting final hyperparameter tuning...
🔄 Starting final hyperparameter tuning...
🔄 Starting final hyperparameter tuning...
🔄 Starting final hyperparameter tuning...
🔄 Starting final hyperparameter tuning...
🔄 Starting final hyperparameter tuning...
🔄 Starting final hyperparameter tuning...
🔄 Starting final hyperparameter tuning...
🔄 Starting final hyperparameter tuning...
🔄 Starting final hyperparameter tuning...
🔄 Starting final hyperparameter tuning...
dir: fernanda_weak, base_model: LogisticRegression - dataset_name: electricity - n_features:90
🔄 Starting final hyperparameter tuning...
🔄 Starting final hyperparameter tuning...
🔄 Starting final hyperparameter tuning...
🔄 Starting final hyperparameter tuning...
🔄 Starting final hyperparameter tuning...
🔄 Starting final hyperparameter tuning...
🔄 Starting final hyperparameter tuning...
🔄 Starting final hyperparameter tuning...
🔄 Starting final hyperparameter tuning...
🔄 Starting final hyperparameter tuning...
🔄 Starting final hyperparameter tuning...
🔄 Starting final hyperparameter tuning...
🔄 Starting final hyperparameter tuning...
🔄 Starting final hyperparameter tuning...
🔄 Starting final hyperparameter tuning...
🔄 Starting final hyperparameter tuning...
🔄 Starting final hyperparameter tuning...
🔄 Starting final hyperparameter tuning...
🔄 Starting final hyperparameter tuning...
🔄 Starting final hyperparameter tuning...
🔄 Starting final hyperparameter tuning...
🔄 Starting final hyperparameter tuning...
🔄 Starting final hyperparameter tuning...
🔄 Starting final hyperparameter tuning...
dir: fernanda_weak, base_model: LogisticRegression - dataset_name: electricity - n_features:95
🔄 Starting final hyperparameter tuning...
🔄 Starting final hyperparameter tuning...
🔄 Starting final hyperparameter tuning...
🔄 Starting final hyperparameter tuning...
🔄 Starting final hyperparameter tuning...
🔄 Starting final hyperparameter tuning...
🔄 Starting final hyperparameter tuning...
🔄 Starting final hyperparameter tuning...
🔄 Starting final hyperparameter tuning...
🔄 Starting final hyperparameter tuning...
🔄 Starting final hyperparameter tuning...
🔄 Starting final hyperparameter tuning...
🔄 Starting final hyperparameter tuning...
🔄 Starting final hyperparameter tuning...
🔄 Starting final hyperparameter tuning...
🔄 Starting final hyperparameter tuning...
🔄 Starting final hyperparameter tuning...
🔄 Starting final hyperparameter tuning...
🔄 Starting final hyperparameter tuning...
🔄 Starting final hyperparameter tuning...
🔄 Starting final hyperparameter tuning...
🔄 Starting final hyperparameter tuning...
🔄 Starting final hyperparameter tuning...
🔄 Starting final hyperparameter tuning...
dir: fernanda_weak, base_model: LogisticRegression - dataset_name: electricity - n_features:100
🔄 Starting final hyperparameter tuning...
🔄 Starting final hyperparameter tuning...
🔄 Starting final hyperparameter tuning...
🔄 Starting final hyperparameter tuning...
🔄 Starting final hyperparameter tuning...
🔄 Starting final hyperparameter tuning...
🔄 Starting final hyperparameter tuning...
🔄 Starting final hyperparameter tuning...
🔄 Starting final hyperparameter tuning...
🔄 Starting final hyperparameter tuning...
🔄 Starting final hyperparameter tuning...
🔄 Starting final hyperparameter tuning...
🔄 Starting final hyperparameter tuning...
🔄 Starting final hyperparameter tuning...
🔄 Starting final hyperparameter tuning...
🔄 Starting final hyperparameter tuning...
🔄 Starting final hyperparameter tuning...
🔄 Starting final hyperparameter tuning...
🔄 Starting final hyperparameter tuning...
🔄 Starting final hyperparameter tuning...
🔄 Starting final hyperparameter tuning...
🔄 Starting final hyperparameter tuning...
🔄 Starting final hyperparameter tuning...
🔄 Starting final hyperparameter tuning...
dir: fernanda_weak, base_model: SVC - dataset_name: electricity - n_features:5
🔄 Starting final hyperparameter tuning...
🔄 Starting final hyperparameter tuning...
🔄 Starting final hyperparameter tuning...
🔄 Starting final hyperparameter tuning...
🔄 Starting final hyperparameter tuning...
🔄 Starting final hyperparameter tuning...
🔄 Starting final hyperparameter tuning...
🔄 Starting final hyperparameter tuning...
🔄 Starting final hyperparameter tuning...
🔄 Starting final hyperparameter tuning...
🔄 Starting final hyperparameter tuning...
🔄 Starting final hyperparameter tuning...
🔄 Starting final hyperparameter tuning...
🔄 Starting final hyperparameter tuning...
🔄 Starting final hyperparameter tuning...
🔄 Starting final hyperparameter tuning...
🔄 Starting final hyperparameter tuning...
🔄 Starting final hyperparameter tuning...
🔄 Starting final hyperparameter tuning...
🔄 Starting final hyperparameter tuning...
🔄 Starting final hyperparameter tuning...
🔄 Starting final hyperparameter tuning...
🔄 Starting final hyperparameter tuning...
🔄 Starting final hyperparameter tuning...
dir: fernanda_weak, base_model: SVC - dataset_name: electricity - n_features:10
🔄 Starting final hyperparameter tuning...
🔄 Starting final hyperparameter tuning...
🔄 Starting final hyperparameter tuning...
🔄 Starting final hyperparameter tuning...
🔄 Starting final hyperparameter tuning...
🔄 Starting final hyperparameter tuning...
🔄 Starting final hyperparameter tuning...
🔄 Starting final hyperparameter tuning...
🔄 Starting final hyperparameter tuning...
🔄 Starting final hyperparameter tuning...
🔄 Starting final hyperparameter tuning...
🔄 Starting final hyperparameter tuning...
🔄 Starting final hyperparameter tuning...
🔄 Starting final hyperparameter tuning...
🔄 Starting final hyperparameter tuning...
🔄 Starting final hyperparameter tuning...
🔄 Starting final hyperparameter tuning...
🔄 Starting final hyperparameter tuning...
🔄 Starting final hyperparameter tuning...
🔄 Starting final hyperparameter tuning...
🔄 Starting final hyperparameter tuning...
🔄 Starting final hyperparameter tuning...
🔄 Starting final hyperparameter tuning...
🔄 Starting final hyperparameter tuning...
dir: fernanda_weak, base_model: SVC - dataset_name: electricity - n_features:15
🔄 Starting final hyperparameter tuning...
🔄 Starting final hyperparameter tuning...
🔄 Starting final hyperparameter tuning...
🔄 Starting final hyperparameter tuning...
🔄 Starting final hyperparameter tuning...
🔄 Starting final hyperparameter tuning...
🔄 Starting final hyperparameter tuning...
🔄 Starting final hyperparameter tuning...
🔄 Starting final hyperparameter tuning...
🔄 Starting final hyp🔄 Starting final hy🔄 Starting final hyperparameter tuning...
🔄 Starting final hyperparameter tuning...
🔄 Starting final hyperparameter tuning...
🔄 Starting final hyperparameter tuning...
🔄 Starting final hyperparameter tuning...
🔄 Starting final hyperparameter tuning...
🔄 Starting final hyperparameter tuning...
🔄 Starting final hyperparameter tuning...
🔄 Starting final hyperparameter tuning...
🔄 Starting final hyperparameter tuning...
🔄 Starting final hyperparameter tuning...
🔄 Starting final hyperparameter tuning...
🔄 Starting final hyperparameter tuning...
🔄 Starting final hyperparameter tuning...
dir: fernanda_weak, base_model: SVC - dataset_name: electricity - n_features:20
🔄 Starting final hyperparameter tuning...
🔄 Starting final hyperparameter tuning...
🔄 Starting final hyperparameter tuning...
🔄 Starting final hyperparameter tuning...
🔄 Starting final hyperparameter tuning...
🔄 Starting final hyperparameter tuning...
🔄 Starting final hyperparameter tuning...
🔄 Starting final hyperparameter tuning...
🔄 Starting final hyperparameter tuning...
🔄 Starting final hyperparameter tuning...
🔄 Starting final hyperparameter tuning...
🔄 Starting final hyperparameter tuning...
🔄 Starting final hyperparameter tuning...
🔄 Starting final hyperparameter tuning...
🔄 Starting final hyperparameter tuning...
🔄 Starting final hyperparameter tuning...
🔄 Starting final hyperparameter tuning...
🔄 Starting final hyperparameter tuning...
🔄 Starting final hyperparameter tuning...
🔄 Starting final hyperparameter tuning...
🔄 Starting final hyperparameter tuning...
🔄 Starting final hyperparameter tuning...
🔄 Starting final hyperparameter tuning...
🔄 Starting final hyperparameter tuning...
dir: fernanda_weak, base_model: SVC - dataset_name: electricity - n_features:25
🔄 Starting final hyperparameter tuning...
🔄 Starting final hyperparameter tuning...
🔄 Starting final hyperparameter tuning...
🔄 Starting final hyperparameter tuning...
🔄 Starting final hyperparameter tuning...
🔄 Starting final hyperparameter tuning...
🔄 Starting final hyperparameter tuning...
🔄 Starting final hyperparameter tuning...
🔄 Starting final hyperparameter tuning...
🔄 Starting final hyperparameter tuning...
🔄 Starting final hyperparameter tuning...
🔄 Starting final hyperparameter tuning...
🔄 Starting final hyperparameter tuning...
🔄 Starting final hyperparameter tuning...
🔄 Starting final hyperparameter tuning...
🔄 Starting final hyperparameter tuning...
🔄 Starting final hyperparameter tuning...
🔄 Starting final hyperparameter tuning...
🔄 Starting final hyperparameter tuning...
🔄 Starting final hyperparameter tuning...
🔄 Starting final hyperparameter tuning...
🔄 Starting final hyperparameter tuning...
🔄 Starting final hyperparameter tuning...
🔄 Starting final hyperparameter tuning...
dir: fernanda_weak, base_model: SVC - dataset_name: electricity - n_features:30
🔄 Starting final hyperparameter tuning...
🔄 Starting final hyperparameter tuning...
🔄 Starting final hyperparameter tuning...
🔄 Starting final hyperparameter tuning...
🔄 Starting final hyperparameter tuning...
🔄 Starting final hyperparameter tuning...
🔄 Starting final hyperparameter tuning...
🔄 Starting final hyperparameter tuning...
🔄 Starting final hyperparameter tuning...
🔄 Starting final hyperparameter tuning...
🔄 Starting final hyperparameter tuning...
🔄 Starting final hyperparameter tuning...
🔄 Starting final hyperparameter tuning...
🔄 Starting final hyperparameter tuning...
🔄 Starting final hyperparameter tuning...
🔄 Starting final hyperparameter tuning...
🔄 Starting final hyperparameter tuning...
🔄 Starting final hyperparameter tuning...
🔄 Starting final hyperparameter tuning...
🔄 Starting final hyperparameter tuning...
🔄 Starting final hyperparameter tuning...
🔄 Starting final hyperparameter tuning...
🔄 Starting final hyperparameter tuning...
🔄 Starting final hyperparameter tuning...
dir: fernanda_weak, base_model: SVC - dataset_name: electricity - n_features:35
🔄 Starting final hyperparameter tuning...
🔄 Starting final hyperparameter tuning...
🔄 Starting final hyperparameter tuning...
🔄 Starting final hyperparameter tuning...
🔄 Starting final hyperparameter tuning...
🔄 Starting final hyperparameter tuning...
🔄 Starting final hyperparameter tuning...
🔄 Starting final hyperparameter tuning...
🔄 Starting final hyperparameter tuning...
🔄 Starting final hyperparameter tuning...
🔄 Starting final hyperparameter tuning...
🔄 Starting final hyperparameter tuning...
🔄 Starting final hyperparameter tuning...
🔄 Starting final hyperparameter tuning...
🔄 Starting final hyperparameter tuning...
🔄 Starting final hyperparameter tuning...
🔄 Starting final hyperparameter tuning...
🔄 Starting final hyperparameter tuning...
🔄 Starting final hyperparameter tuning...
🔄 Starting final hyperparameter tuning...
🔄 Starting final hyperparameter tuning...
🔄 Starting final hyperparameter tuning...
🔄 Starting final hyperparameter tuning...
🔄 Starting final hyperparameter tuning...
dir: fernanda_weak, base_model: SVC - dataset_name: electricity - n_features:40
🔄 Starting final hyperparameter tuning...
🔄 Starting final hyperparameter tuning...
🔄 Starting final hyperparameter tuning...
🔄 Starting final hyperparameter tuning...
🔄 Starting final hyperparameter tuning...
🔄 Starting final hyperparameter tuning...
🔄 Starting final hyperparameter tuning...
🔄 Starting final hyperparameter tuning...
🔄 Starting final hyperparameter tuning...
🔄 Starting final hyperparameter tuning...
🔄 Starting final hyperparameter tuning...
🔄 Starting final hyperparameter tuning...
🔄 Starting final hyperparameter tuning...
🔄 Starting final hyperparameter tuning...
🔄 Starting final hyperparameter tuning...
🔄 Starting final hyperparameter tuning...
🔄 Starting final hyperparameter tuning...
🔄 Starting final hyperparameter tuning...
🔄 Starting final hyperparameter tuning...
🔄 Starting final hyperparameter tuning...
🔄 Starting final hyperparameter tuning...
🔄 Starting final hyperparameter tuning...
🔄 Starting final hyperparameter tuning...
🔄 Starting final hyperparameter tuning...
dir: fernanda_weak, base_model: SVC - dataset_name: electricity - n_features:45
🔄 Starting final hyperparameter tuning...
🔄 Starting final hyperparameter tuning...
🔄 Starting final hyperparameter tuning...
🔄 Starting final hyperparameter tuning...
🔄 Starting final hyperparameter tuning...
🔄 Starting final hyperparameter tuning...
🔄 Starting final hyperparameter tuning...
🔄 Starting final hyperparameter tuning...
🔄 Starting final hyperparameter tuning...
🔄 Starting final hyperparameter tuning...
🔄 Starting final hyperparameter tuning...
🔄 Starting final hyperparameter tuning...
🔄 Starting final hyperparameter tuning...
🔄 Starting final hyperparameter tuning...
🔄 Starting final hyperparameter tuning...
🔄 Starting final hyperparameter tuning...
🔄 Starting final hyperparameter tuning...
🔄 Starting final hyperparameter tuning...
🔄 Starting final hyperparameter tuning...
🔄 Starting final hyperparameter tuning...
🔄 Starting final hyperparameter tuning...
🔄 Starting final hyperparameter tuning...
🔄 Starting final hyperparameter tuning...
🔄 Starting final hyperparameter tuning...
dir: fernanda_weak, base_model: SVC - dataset_name: electricity - n_features:50
🔄 Starting final hyperparameter tuning...
🔄 Starting final hyperparameter tuning...
🔄 Starting final hyperparameter tuning...
🔄 Starting final hyperparameter tuning...
🔄 Starting final hyperparameter tuning...
🔄 Starting final hyperparameter tuning...
🔄 Starting final hyperparameter tuning...
🔄 Starting final hyperparameter tuning...
🔄 Starting final hyperparameter tuning...
🔄 Starting final hyperparameter tuning...
🔄 Starting final hyp🔄 Starting final hy🔄 Starting final hyperparameter tuning...
🔄 Starting final hyperparameter tuning...
🔄 Starting final hyperparameter tuning...
🔄 Starting final hyperparameter tuning...
🔄 Starting final hyperparameter tuning...
🔄 Starting final hyperparameter tuning...
🔄 Starting final hyperparameter tuning...
🔄 Starting final hyperparameter tuning...
🔄 Starting final hyperparameter tuning...
🔄 Starting final hyperparameter tuning...
🔄 Starting final hyperparameter tuning...
🔄 Starting final hyperparameter tuning...
🔄 Starting final hyperparameter tuning...
dir: fernanda_weak, base_model: SVC - dataset_name: electricity - n_features:55
🔄 Starting final hyperparameter tuning...
🔄 Starting final hyperparameter tuning...
🔄 Starting final hyperparameter tuning...
🔄 Starting final hyperparameter tuning...
🔄 Starting final hyperparameter tuning...
🔄 Starting final hyperparameter tuning...
🔄 Starting final hyperparameter tuning...
🔄 Starting final hyperparameter tuning...
🔄 Starting final hyperparameter tuning...
🔄 Starting final hyperparameter tuning...
🔄 Starting final hyperparameter tuning...
🔄 Starting final hyperparameter tuning...
🔄 Starting final hyperparameter tuning...
🔄 Starting final hyperparameter tuning...
🔄 Starting final hyperparameter tuning...
🔄 Starting final hyperparameter tuning...
🔄 Starting final hyperparameter tuning...
🔄 Starting final hyperparameter tuning...
🔄 Starting final hyperparameter tuning...
🔄 Starting final hyperparameter tuning...
🔄 Starting final hyperparameter tuning...
🔄 Starting final hyperparameter tuning...
🔄 Starting final hyperparameter tuning...
🔄 Starting final hyperparameter tuning...
dir: fernanda_weak, base_model: SVC - dataset_name: electricity - n_features:60
🔄 Starting final hyperparameter tuning...
🔄 Starting final hyperparameter tuning...
🔄 Starting final hyperparameter tuning...
🔄 Starting final hyperparameter tuning...
🔄 Starting final hyperparameter tuning...
🔄 Starting final hyperparameter tuning...
🔄 Starting final hyperparameter tuning...
🔄 Starting final hyperparameter tuning...
🔄 Starting final hyperparameter tuning...
🔄 Starting final hyperparameter tuning...
🔄 Starting final hyperparameter tuning...
🔄 Starting final hyperparameter tuning...
🔄 Starting final hyperparameter tuning...
🔄 Starting final hyperparameter tuning...
🔄 Starting final hyperparameter tuning...
🔄 Starting final hyperparameter tuning...
🔄 Starting final hyperparameter tuning...
🔄 Starting final hyperparameter tuning...
🔄 Starting final hyperparameter tuning...
🔄 Starting final hyperparameter tuning...
🔄 Starting final hyperparameter tuning...
🔄 Starting final hyperparameter tuning...
🔄 Starting final hyperparameter tuning...
🔄 Starting final hyperparameter tuning...
dir: fernanda_weak, base_model: SVC - dataset_name: electricity - n_features:65
🔄 Starting final hyperparameter tuning...
🔄 Starting final hyperparameter tuning...
🔄 Starting final hyperparameter tuning...
🔄 Starting final hyperparameter tuning...
🔄 Starting final hyperparameter tuning...
🔄 Starting final hyperparameter tuning...
🔄 Starting final hyperparameter tuning...
🔄 Starting final hyperparameter tuning...
🔄 Starting final hyperparameter tuning...
🔄 Starting final hyperparameter tuning...
🔄 Starting final hyperparameter tuning...
🔄 Starting final hyperparameter tuning...
🔄 Starting final hyperparameter tuning...
🔄 Starting final hyperparameter tuning...
🔄 Starting final hyperparameter tuning...
🔄 Starting final hyperparameter tuning...
🔄 Starting final hyperparameter tuning...
🔄 Starting final hyperparameter tuning...
🔄 Starting final hyperparameter tuning...
🔄 Starting final hyperparameter tuning...
🔄 Starting final hyperparameter tuning...
🔄 Starting final hyperparameter tuning...
🔄 Starting final hyperparameter tuning...
🔄 Starting final hyperparameter tuning...
dir: fernanda_weak, base_model: SVC - dataset_name: electricity - n_features:70
🔄 Starting final hyperparameter tuning...
🔄 Starting final hyperparameter tuning...
🔄 Starting final hyperparameter tuning...
🔄 Starting final hyperparameter tuning...
🔄 Starting final hyperparameter tuning...
🔄 Starting final hyperparameter tuning...
🔄 Starting final hyperparameter tuning...
🔄 Starting final hyperparameter tuning...
🔄 Starting final hyperparameter tuning...
🔄 Starting final hyperparameter tuning...
🔄 Starting final hyperparameter tuning...
🔄 Starting final hyperparameter tuning...
🔄 Starting final hyperparameter tuning...
🔄 Starting final hyperparameter tuning...
🔄 Starting final hyperparameter tuning...
🔄 Starting final hyperparameter tuning...
🔄 Starting final hyperparameter tuning...
🔄 Starting final hyperparameter tuning...
🔄 Starting final hyperparameter tuning...
🔄 Starting final hyperparameter tuning...
🔄 Starting final hyperparameter tuning...
🔄 Starting final hyperparameter tuning...
🔄 Starting final hyperparameter tuning...
🔄 Starting final hyperparameter tuning...
dir: fernanda_weak, base_model: SVC - dataset_name: electricity - n_features:75
🔄 Starting final hyperparameter tuning...
🔄 Starting final hyperparameter tuning...
🔄 Starting final hyperparameter tuning...
🔄 Starting final hyperparameter tuning...
🔄 Starting final hyperparameter tuning...
🔄 Starting final hyperparameter tuning...
🔄 Starting final hyperparameter tuning...
🔄 Starting final hyperparameter tuning...
🔄 Starting final hyperparameter tuning...
🔄 Starting final hyperparameter tuning...
🔄 Starting final hyperparameter tuning...
🔄 Starting final hyperparameter tuning...
🔄 Starting final hyperparameter tuning...
🔄 Starting final hyperparameter tuning...
🔄 Starting final hyperparameter tuning...
🔄 Starting final hyperparameter tuning...
🔄 Starting final hyperparameter tuning...
🔄 Starting final hyperparameter tuning...
🔄 Starting final hyperparameter tuning...
🔄 Starting final hyperparameter tuning...
🔄 Starting final hyperparameter tuning...
🔄 Starting final hyperparameter tuning...
🔄 Starting final hyperparameter tuning...
🔄 Starting final hyperparameter tuning...
dir: fernanda_weak, base_model: SVC - dataset_name: electricity - n_features:80
🔄 Starting final hyperparameter tuning...
🔄 Starting final hyperparameter tuning...
🔄 Starting final hyperparameter tuning...
🔄 Starting final hyperparameter tuning...
🔄 Starting final hyperparameter tuning...
🔄 Starting final hyperparameter tuning...
🔄 Starting final hyperparameter tuning...
🔄 Starting final hyperparameter tuning...
🔄 Starting final hyperparameter tuning...
🔄 Starting final hyperparameter tuning...
🔄 Starting final hyperparameter tuning...
🔄 Starting final hyperparameter tuning...
🔄 Starting final hyperparameter tuning...
🔄 Starting final hyperparameter tuning...
🔄 Starting final hyperparameter tuning...
🔄 Starting final hyperparameter tuning...
🔄 Starting final hyperparameter tuning...
🔄 Starting final hyperparameter tuning...
🔄 Starting final hyperparameter tuning...
🔄 Starting final hyperparameter tuning...
🔄 Starting final hyperparameter tuning...
🔄 Starting final hyperparameter tuning...
🔄 Starting final hyperparameter tuning...
🔄 Starting final hyperparameter tuning...
dir: fernanda_weak, base_model: SVC - dataset_name: electricity - n_features:85
🔄 Starting final hyperparameter tuning...
🔄 Starting final hyperparameter tuning...
🔄 Starting final hyperparameter tuning...
🔄 Starting final hyperparameter tuning...
🔄 Starting final hyperparameter tuning...
🔄 Starting final hyperparameter tuning...
🔄 Starting final hyperparameter tuning...
🔄 Starting final hyperparameter tuning...
🔄 Starting final hyperparameter tuning...
🔄 Starting final hyperparameter tuning...
🔄 Starting final hyperparameter tuning...
🔄 Starting final hyp🔄 Starting final hy🔄 Starting final hyperparameter tuning...
🔄 Starting final hyperparameter tuning...
🔄 Starting final hyperparameter tuning...
🔄 Starting final hyperparameter tuning...
🔄 Starting final hyperparameter tuning...
🔄 Starting final hyperparameter tuning...
🔄 Starting final hyperparameter tuning...
🔄 Starting final hyperparameter tuning...
🔄 Starting final hyperparameter tuning...
🔄 Starting final hyperparameter tuning...
🔄 Starting final hyperparameter tuning...
🔄 Starting final hyperparameter tuning...
dir: fernanda_weak, base_model: SVC - dataset_name: electricity - n_features:90
🔄 Starting final hyperparameter tuning...
🔄 Starting final hyperparameter tuning...
🔄 Starting final hyperparameter tuning...
🔄 Starting final hyperparameter tuning...
🔄 Starting final hyperparameter tuning...
🔄 Starting final hyperparameter tuning...
🔄 Starting final hyperparameter tuning...
🔄 Starting final hyperparameter tuning...
🔄 Starting final hyperparameter tuning...
🔄 Starting final hyperparameter tuning...
🔄 Starting final hyperparameter tuning...
🔄 Starting final hyperparameter tuning...
🔄 Starting final hyperparameter tuning...
🔄 Starting final hyperparameter tuning...
🔄 Starting final hyperparameter tuning...
🔄 Starting final hyperparameter tuning...
🔄 Starting final hyperparameter tuning...
🔄 Starting final hyperparameter tuning...
🔄 Starting final hyperparameter tuning...
🔄 Starting final hyperparameter tuning...
🔄 Starting final hyperparameter tuning...
🔄 Starting final hyperparameter tuning...
🔄 Starting final hyperparameter tuning...
🔄 Starting final hyperparameter tuning...
dir: fernanda_weak, base_model: SVC - dataset_name: electricity - n_features:95
🔄 Starting final hyperparameter tuning...
🔄 Starting final hyperparameter tuning...
🔄 Starting final hyperparameter tuning...
🔄 Starting final hyperparameter tuning...
🔄 Starting final hyperparameter tuning...
🔄 Starting final hyperparameter tuning...
🔄 Starting final hyperparameter tuning...
🔄 Starting final hyperparameter tuning...
🔄 Starting final hyperparameter tuning...
🔄 Starting final hyperparameter tuning...
🔄 Starting final hyperparameter tuning...
🔄 Starting final hyperparameter tuning...
🔄 Starting final hyperparameter tuning...
🔄 Starting final hyperparameter tuning...
🔄 Starting final hyperparameter tuning...
🔄 Starting final hyperparameter tuning...
🔄 Starting final hyperparameter tuning...
🔄 Starting final hyperparameter tuning...
🔄 Starting final hyperparameter tuning...
🔄 Starting final hyperparameter tuning...
🔄 Starting final hyperparameter tuning...
🔄 Starting final hyperparameter tuning...
🔄 Starting final hyperparameter tuning...
🔄 Starting final hyperparameter tuning...
dir: fernanda_weak, base_model: SVC - dataset_name: electricity - n_features:100
🔄 Starting final hyperparameter tuning...
🔄 Starting final hyperparameter tuning...
🔄 Starting final hyperparameter tuning...
🔄 Starting final hyperparameter tuning...
🔄 Starting final hyperparameter tuning...
🔄 Starting final hyperparameter tuning...
🔄 Starting final hyperparameter tuning...
🔄 Starting final hyperparameter tuning...
🔄 Starting final hyperparameter tuning...
🔄 Starting final hyperparameter tuning...
🔄 Starting final hyperparameter tuning...
🔄 Starting final hyperparameter tuning...
🔄 Starting final hyperparameter tuning...
🔄 Starting final hyperparameter tuning...
🔄 Starting final hyperparameter tuning...
🔄 Starting final hyperparameter tuning...
🔄 Starting final hyperparameter tuning...
🔄 Starting final hyperparameter tuning...
🔄 Starting final hyperparameter tuning...
🔄 Starting final hyperparameter tuning...
🔄 Starting final hyperparameter tuning...
🔄 Starting final hyperparameter tuning...
🔄 Starting final hyperparameter tuning...
🔄 Starting final hyperparameter tuning...
Finished - elapsed time: 164329.9397740364

